Archive member included to satisfy reference by file (symbol)

/opt/stm32cubeide/plugins/com.st.stm32cube.ide.mcu.externaltools.gnu-tools-for-stm32.9-2020-q2-update.linux64_1.5.0.202011040924/tools/bin/../lib/gcc/arm-none-eabi/9.3.1/../../../../arm-none-eabi/lib/thumb/v7e-m+fp/hard/libc_nano.a(lib_a-errno.o)
                              Core/Src/syscalls.o (__errno)
/opt/stm32cubeide/plugins/com.st.stm32cube.ide.mcu.externaltools.gnu-tools-for-stm32.9-2020-q2-update.linux64_1.5.0.202011040924/tools/bin/../lib/gcc/arm-none-eabi/9.3.1/../../../../arm-none-eabi/lib/thumb/v7e-m+fp/hard/libc_nano.a(lib_a-exit.o)
                              /opt/stm32cubeide/plugins/com.st.stm32cube.ide.mcu.externaltools.gnu-tools-for-stm32.9-2020-q2-update.linux64_1.5.0.202011040924/tools/bin/../lib/gcc/arm-none-eabi/9.3.1/../../../../arm-none-eabi/lib/thumb/v7e-m+fp/hard/crt0.o (exit)
/opt/stm32cubeide/plugins/com.st.stm32cube.ide.mcu.externaltools.gnu-tools-for-stm32.9-2020-q2-update.linux64_1.5.0.202011040924/tools/bin/../lib/gcc/arm-none-eabi/9.3.1/../../../../arm-none-eabi/lib/thumb/v7e-m+fp/hard/libc_nano.a(lib_a-impure.o)
                              /opt/stm32cubeide/plugins/com.st.stm32cube.ide.mcu.externaltools.gnu-tools-for-stm32.9-2020-q2-update.linux64_1.5.0.202011040924/tools/bin/../lib/gcc/arm-none-eabi/9.3.1/../../../../arm-none-eabi/lib/thumb/v7e-m+fp/hard/libc_nano.a(lib_a-exit.o) (_global_impure_ptr)
/opt/stm32cubeide/plugins/com.st.stm32cube.ide.mcu.externaltools.gnu-tools-for-stm32.9-2020-q2-update.linux64_1.5.0.202011040924/tools/bin/../lib/gcc/arm-none-eabi/9.3.1/../../../../arm-none-eabi/lib/thumb/v7e-m+fp/hard/libc_nano.a(lib_a-init.o)
                              /opt/stm32cubeide/plugins/com.st.stm32cube.ide.mcu.externaltools.gnu-tools-for-stm32.9-2020-q2-update.linux64_1.5.0.202011040924/tools/bin/../lib/gcc/arm-none-eabi/9.3.1/../../../../arm-none-eabi/lib/thumb/v7e-m+fp/hard/crt0.o (__libc_init_array)
/opt/stm32cubeide/plugins/com.st.stm32cube.ide.mcu.externaltools.gnu-tools-for-stm32.9-2020-q2-update.linux64_1.5.0.202011040924/tools/bin/../lib/gcc/arm-none-eabi/9.3.1/../../../../arm-none-eabi/lib/thumb/v7e-m+fp/hard/libc_nano.a(lib_a-memset.o)
                              /opt/stm32cubeide/plugins/com.st.stm32cube.ide.mcu.externaltools.gnu-tools-for-stm32.9-2020-q2-update.linux64_1.5.0.202011040924/tools/bin/../lib/gcc/arm-none-eabi/9.3.1/../../../../arm-none-eabi/lib/thumb/v7e-m+fp/hard/crt0.o (memset)
/opt/stm32cubeide/plugins/com.st.stm32cube.ide.mcu.externaltools.gnu-tools-for-stm32.9-2020-q2-update.linux64_1.5.0.202011040924/tools/bin/../lib/gcc/arm-none-eabi/9.3.1/../../../../arm-none-eabi/lib/thumb/v7e-m+fp/hard/libc_nano.a(lib_a-sprintf.o)
                              Core/Src/main.o (sprintf)
/opt/stm32cubeide/plugins/com.st.stm32cube.ide.mcu.externaltools.gnu-tools-for-stm32.9-2020-q2-update.linux64_1.5.0.202011040924/tools/bin/../lib/gcc/arm-none-eabi/9.3.1/../../../../arm-none-eabi/lib/thumb/v7e-m+fp/hard/libc_nano.a(lib_a-strlen.o)
                              Core/Src/main.o (strlen)
/opt/stm32cubeide/plugins/com.st.stm32cube.ide.mcu.externaltools.gnu-tools-for-stm32.9-2020-q2-update.linux64_1.5.0.202011040924/tools/bin/../lib/gcc/arm-none-eabi/9.3.1/../../../../arm-none-eabi/lib/thumb/v7e-m+fp/hard/libc_nano.a(lib_a-nano-svfprintf.o)
                              /opt/stm32cubeide/plugins/com.st.stm32cube.ide.mcu.externaltools.gnu-tools-for-stm32.9-2020-q2-update.linux64_1.5.0.202011040924/tools/bin/../lib/gcc/arm-none-eabi/9.3.1/../../../../arm-none-eabi/lib/thumb/v7e-m+fp/hard/libc_nano.a(lib_a-sprintf.o) (_svfprintf_r)
/opt/stm32cubeide/plugins/com.st.stm32cube.ide.mcu.externaltools.gnu-tools-for-stm32.9-2020-q2-update.linux64_1.5.0.202011040924/tools/bin/../lib/gcc/arm-none-eabi/9.3.1/../../../../arm-none-eabi/lib/thumb/v7e-m+fp/hard/libc_nano.a(lib_a-nano-vfprintf_i.o)
                              /opt/stm32cubeide/plugins/com.st.stm32cube.ide.mcu.externaltools.gnu-tools-for-stm32.9-2020-q2-update.linux64_1.5.0.202011040924/tools/bin/../lib/gcc/arm-none-eabi/9.3.1/../../../../arm-none-eabi/lib/thumb/v7e-m+fp/hard/libc_nano.a(lib_a-nano-svfprintf.o) (_printf_i)
/opt/stm32cubeide/plugins/com.st.stm32cube.ide.mcu.externaltools.gnu-tools-for-stm32.9-2020-q2-update.linux64_1.5.0.202011040924/tools/bin/../lib/gcc/arm-none-eabi/9.3.1/../../../../arm-none-eabi/lib/thumb/v7e-m+fp/hard/libc_nano.a(lib_a-memchr.o)
                              /opt/stm32cubeide/plugins/com.st.stm32cube.ide.mcu.externaltools.gnu-tools-for-stm32.9-2020-q2-update.linux64_1.5.0.202011040924/tools/bin/../lib/gcc/arm-none-eabi/9.3.1/../../../../arm-none-eabi/lib/thumb/v7e-m+fp/hard/libc_nano.a(lib_a-nano-svfprintf.o) (memchr)
/opt/stm32cubeide/plugins/com.st.stm32cube.ide.mcu.externaltools.gnu-tools-for-stm32.9-2020-q2-update.linux64_1.5.0.202011040924/tools/bin/../lib/gcc/arm-none-eabi/9.3.1/../../../../arm-none-eabi/lib/thumb/v7e-m+fp/hard/libc_nano.a(lib_a-memcpy-stub.o)
[...]
Memory Configuration

Name             Origin             Length             Attributes
RAM              0x0000000020000000 0x0000000000018000 xrw
FLASH            0x0000000008000000 0x0000000000080000 xr
*default*        0x0000000000000000 0xffffffffffffffff

Linker script and memory map

LOAD /opt/stm32cubeide/plugins/com.st.stm32cube.ide.mcu.externaltools.gnu-tools-for-stm32.9-2020-q2-update.linux64_1.5.0.202011040924/tools/bin/../lib/gcc/arm-none-eabi/9.3.1/thumb/v7e-m+fp/hard/crti.o
LOAD /opt/stm32cubeide/plugins/com.st.stm32cube.ide.mcu.externaltools.gnu-tools-for-stm32.9-2020-q2-update.linux64_1.5.0.202011040924/tools/bin/../lib/gcc/arm-none-eabi/9.3.1/thumb/v7e-m+fp/hard/crtbegin.o
LOAD /opt/stm32cubeide/plugins/com.st.stm32cube.ide.mcu.externaltools.gnu-tools-for-stm32.9-2020-q2-update.linux64_1.5.0.202011040924/tools/bin/../lib/gcc/arm-none-eabi/9.3.1/../../../../arm-none-eabi/lib/thumb/v7e-m+fp/hard/crt0.o
LOAD Core/Src/main.o
LOAD Core/Src/stm32f4xx_hal_msp.o
LOAD Core/Src/stm32f4xx_it.o
LOAD Core/Src/syscalls.o
LOAD Core/Src/sysmem.o
LOAD Core/Src/system_stm32f4xx.o
LOAD Core/Startup/startup_stm32f401retx.o
LOAD Drivers/STM32F4xx_HAL_Driver/Src/stm32f4xx_hal.o
LOAD Drivers/STM32F4xx_HAL_Driver/Src/stm32f4xx_hal_cortex.o
LOAD Drivers/STM32F4xx_HAL_Driver/Src/stm32f4xx_hal_dma.o
LOAD Drivers/STM32F4xx_HAL_Driver/Src/stm32f4xx_hal_dma_ex.o
LOAD Drivers/STM32F4xx_HAL_Driver/Src/stm32f4xx_hal_exti.o
LOAD Drivers/STM32F4xx_HAL_Driver/Src/stm32f4xx_hal_flash.o
LOAD Drivers/STM32F4xx_HAL_Driver/Src/stm32f4xx_hal_flash_ex.o
LOAD Drivers/STM32F4xx_HAL_Driver/Src/stm32f4xx_hal_flash_ramfunc.o
LOAD Drivers/STM32F4xx_HAL_Driver/Src/stm32f4xx_hal_gpio.o
LOAD Drivers/STM32F4xx_HAL_Driver/Src/stm32f4xx_hal_i2c.o
LOAD Drivers/STM32F4xx_HAL_Driver/Src/stm32f4xx_hal_i2c_ex.o
LOAD Drivers/STM32F4xx_HAL_Driver/Src/stm32f4xx_hal_pwr.o
LOAD Drivers/STM32F4xx_HAL_Driver/Src/stm32f4xx_hal_pwr_ex.o
LOAD Drivers/STM32F4xx_HAL_Driver/Src/stm32f4xx_hal_rcc.o
LOAD Drivers/STM32F4xx_HAL_Driver/Src/stm32f4xx_hal_rcc_ex.o
LOAD Drivers/STM32F4xx_HAL_Driver/Src/stm32f4xx_hal_tim.o
LOAD Drivers/STM32F4xx_HAL_Driver/Src/stm32f4xx_hal_tim_ex.o
LOAD Drivers/STM32F4xx_HAL_Driver/Src/stm32f4xx_hal_uart.o
START GROUP
LOAD /opt/stm32cubeide/plugins/com.st.stm32cube.ide.mcu.externaltools.gnu-tools-for-stm32.9-2020-q2-update.linux64_1.5.0.202011040924/tools/bin/../lib/gcc/arm-none-eabi/9.3.1/../../../../arm-none-eabi/lib/thumb/v7e-m+fp/hard/libc_nano.a
LOAD /opt/stm32cubeide/plugins/com.st.stm32cube.ide.mcu.externaltools.gnu-tools-for-stm32.9-2020-q2-update.linux64_1.5.0.202011040924/tools/bin/../lib/gcc/arm-none-eabi/9.3.1/../../../../arm-none-eabi/lib/thumb/v7e-m+fp/hard/libm.a
END GROUP
START GROUP
LOAD /opt/stm32cubeide/plugins/com.st.stm32cube.ide.mcu.externaltools.gnu-tools-for-stm32.9-2020-q2-update.linux64_1.5.0.202011040924/tools/bin/../lib/gcc/arm-none-eabi/9.3.1/thumb/v7e-m+fp/hard/libgcc.a
LOAD /opt/stm32cubeide/plugins/com.st.stm32cube.ide.mcu.externaltools.gnu-tools-for-stm32.9-2020-q2-update.linux64_1.5.0.202011040924/tools/bin/../lib/gcc/arm-none-eabi/9.3.1/../../../../arm-none-eabi/lib/thumb/v7e-m+fp/hard/libc_nano.a
END GROUP
START GROUP
LOAD /opt/stm32cubeide/plugins/com.st.stm32cube.ide.mcu.externaltools.gnu-tools-for-stm32.9-2020-q2-update.linux64_1.5.0.202011040924/tools/bin/../lib/gcc/arm-none-eabi/9.3.1/thumb/v7e-m+fp/hard/libgcc.a
LOAD /opt/stm32cubeide/plugins/com.st.stm32cube.ide.mcu.externaltools.gnu-tools-for-stm32.9-2020-q2-update.linux64_1.5.0.202011040924/tools/bin/../lib/gcc/arm-none-eabi/9.3.1/../../../../arm-none-eabi/lib/thumb/v7e-m+fp/hard/libc_nano.a
LOAD /opt/stm32cubeide/plugins/com.st.stm32cube.ide.mcu.externaltools.gnu-tools-for-stm32.9-2020-q2-update.linux64_1.5.0.202011040924/tools/bin/../lib/gcc/arm-none-eabi/9.3.1/../../../../arm-none-eabi/lib/thumb/v7e-m+fp/hard/libnosys.a
END GROUP
START GROUP
LOAD /opt/stm32cubeide/plugins/com.st.stm32cube.ide.mcu.externaltools.gnu-tools-for-stm32.9-2020-q2-update.linux64_1.5.0.202011040924/tools/bin/../lib/gcc/arm-none-eabi/9.3.1/thumb/v7e-m+fp/hard/libgcc.a
LOAD /opt/stm32cubeide/plugins/com.st.stm32cube.ide.mcu.externaltools.gnu-tools-for-stm32.9-2020-q2-update.linux64_1.5.0.202011040924/tools/bin/../lib/gcc/arm-none-eabi/9.3.1/../../../../arm-none-eabi/lib/thumb/v7e-m+fp/hard/libc_nano.a
LOAD /opt/stm32cubeide/plugins/com.st.stm32cube.ide.mcu.externaltools.gnu-tools-for-stm32.9-2020-q2-update.linux64_1.5.0.202011040924/tools/bin/../lib/gcc/arm-none-eabi/9.3.1/../../../../arm-none-eabi/lib/thumb/v7e-m+fp/hard/libnosys.a
END GROUP
LOAD /opt/stm32cubeide/plugins/com.st.stm32cube.ide.mcu.externaltools.gnu-tools-for-stm32.9-2020-q2-update.linux64_1.5.0.202011040924/tools/bin/../lib/gcc/arm-none-eabi/9.3.1/thumb/v7e-m+fp/hard/crtend.o
LOAD /opt/stm32cubeide/plugins/com.st.stm32cube.ide.mcu.externaltools.gnu-tools-for-stm32.9-2020-q2-update.linux64_1.5.0.202011040924/tools/bin/../lib/gcc/arm-none-eabi/9.3.1/thumb/v7e-m+fp/hard/crtn.o
                0x0000000020018000                _estack = (ORIGIN (RAM) + LENGTH (RAM))
                0x0000000000000200                _Min_Heap_Size = 0x200
                0x0000000000000400                _Min_Stack_Size = 0x400

.isr_vector     0x0000000008000000      0x194
                0x0000000008000000                . = ALIGN (0x4)
 *(.isr_vector)
 .isr_vector    0x0000000008000000      0x194 Core/Startup/startup_stm32f401retx.o
                0x0000000008000000                g_pfnVectors
                0x0000000008000194                . = ALIGN (0x4)

.text           0x00000000080001a0     0x4da0
                0x00000000080001a0                . = ALIGN (0x4)
 *(.text)
 .text          0x00000000080001a0       0x40 /opt/stm32cubeide/plugins/com.st.stm32cube.ide.mcu.externaltools.gnu-tools-for-stm32.9-2020-q2-update.linux64_1.5.0.202011040924/tools/bin/../lib/gcc/arm-none-eabi/9.3.1/thumb/v7e-m+fp/hard/crtbegin.o
 .text          0x00000000080001e0       0x10 /opt/stm32cubeide/plugins/com.st.stm32cube.ide.mcu.externaltools.gnu-tools-for-stm32.9-2020-q2-update.linux64_1.5.0.202011040924/tools/bin/../lib/gcc/arm-none-eabi/9.3.1/../../../../arm-none-eabi/lib/thumb/v7e-m+fp/hard/libc_nano.a(lib_a-strlen.o)
                0x00000000080001e0                strlen
 .text          0x00000000080001f0       0xa0 /opt/stm32cubeide/plugins/com.st.stm32cube.ide.mcu.externaltools.gnu-tools-for-stm32.9-2020-q2-update.linux64_1.5.0.202011040924/tools/bin/../lib/gcc/arm-none-eabi/9.3.1/../../../../arm-none-eabi/lib/thumb/v7e-m+fp/hard/libc_nano.a(lib_a-memchr.o)
                0x00000000080001f0                memchr
 .text          0x0000000008000290       0x30 /opt/stm32cubeide/plugins/com.st.stm32cube.ide.mcu.externaltools.gnu-tools-for-stm32.9-2020-q2-update.linux64_1.5.0.202011040924/tools/bin/../lib/gcc/arm-none-eabi/9.3.1/thumb/v7e-m+fp/hard/libgcc.a(_aeabi_uldivmod.o)
                0x0000000008000290                __aeabi_uldivmod
 .text          0x00000000080002c0      0x2c4 /opt/stm32cubeide/plugins/com.st.stm32cube.ide.mcu.externaltools.gnu-tools-for-stm32.9-2020-q2-update.linux64_1.5.0.202011040924/tools/bin/../lib/gcc/arm-none-eabi/9.3.1/thumb/v7e-m+fp/hard/libgcc.a(_udivmoddi4.o)
                0x00000000080002c0                __udivmoddi4
 .text          0x0000000008000584        0x4 /opt/stm32cubeide/plugins/com.st.stm32cube.ide.mcu.externaltools.gnu-tools-for-stm32.9-2020-q2-update.linux64_1.5.0.202011040924/tools/bin/../lib/gcc/arm-none-eabi/9.3.1/thumb/v7e-m+fp/hard/libgcc.a(_dvmd_tls.o)
                0x0000000008000584                __aeabi_ldiv0
                0x0000000008000584                __aeabi_idiv0
 *(.text*)
 .text.log      0x0000000008000588       0x2c Core/Src/main.o
                0x0000000008000588                log
 .text.camReadReg
                0x00000000080005b4       0xb8 Core/Src/main.o
                0x00000000080005b4                camReadReg
 .text.camInit  0x000000000800066c       0x88 Core/Src/main.o
                0x000000000800066c                camInit
 .text.camBuffCplt
                0x00000000080006f4       0xc8 Core/Src/main.o
                0x00000000080006f4                camBuffCplt
 .text.camBuffErr
                0x00000000080007bc       0x2c Core/Src/main.o
                0x00000000080007bc                camBuffErr
 .text.main     0x00000000080007e8      0x200 Core/Src/main.o
                0x00000000080007e8                main
 .text.SystemClock_Config
                0x00000000080009e8       0xd8 Core/Src/main.o
                0x00000000080009e8                SystemClock_Config
 .text.MX_I2C1_Init
                0x0000000008000ac0       0x5c Core/Src/main.o
 .text.MX_TIM1_Init
                0x0000000008000b1c       0xac Core/Src/main.o
 .text.MX_TIM3_Init
                0x0000000008000bc8       0xb0 Core/Src/main.o
 .text.MX_USART2_UART_Init
                0x0000000008000c78       0x54 Core/Src/main.o
 .text.MX_DMA_Init
                0x0000000008000ccc       0x40 Core/Src/main.o
 .text.MX_GPIO_Init
                0x0000000008000d0c      0x130 Core/Src/main.o
 .text.Error_Handler
                0x0000000008000e3c        0xa Core/Src/main.o
                0x0000000008000e3c                Error_Handler
 *fill*         0x0000000008000e46        0x2 
 .text.HAL_MspInit
                0x0000000008000e48       0x50 Core/Src/stm32f4xx_hal_msp.o
                0x0000000008000e48                HAL_MspInit
 .text.HAL_I2C_MspInit
                0x0000000008000e98       0x90 Core/Src/stm32f4xx_hal_msp.o
                0x0000000008000e98                HAL_I2C_MspInit
 .text.HAL_TIM_IC_MspInit
                0x0000000008000f28      0x110 Core/Src/stm32f4xx_hal_msp.o
                0x0000000008000f28                HAL_TIM_IC_MspInit
 .text.HAL_TIM_PWM_MspInit
                0x0000000008001038       0x44 Core/Src/stm32f4xx_hal_msp.o
                0x0000000008001038                HAL_TIM_PWM_MspInit
 .text.HAL_TIM_MspPostInit
                0x000000000800107c       0x74 Core/Src/stm32f4xx_hal_msp.o
                0x000000000800107c                HAL_TIM_MspPostInit
 .text.HAL_UART_MspInit
                0x00000000080010f0       0x90 Core/Src/stm32f4xx_hal_msp.o
                0x00000000080010f0                HAL_UART_MspInit
 .text.NMI_Handler
                0x0000000008001180        0x6 Core/Src/stm32f4xx_it.o
                0x0000000008001180                NMI_Handler
 .text.HardFault_Handler
                0x0000000008001186        0x6 Core/Src/stm32f4xx_it.o
                0x0000000008001186                HardFault_Handler
 .text.MemManage_Handler
                0x000000000800118c        0x6 Core/Src/stm32f4xx_it.o
                0x000000000800118c                MemManage_Handler
 .text.BusFault_Handler
                0x0000000008001192        0x6 Core/Src/stm32f4xx_it.o
                0x0000000008001192                BusFault_Handler
 .text.UsageFault_Handler
                0x0000000008001198        0x6 Core/Src/stm32f4xx_it.o
                0x0000000008001198                UsageFault_Handler
 .text.SVC_Handler
                0x000000000800119e        0xe Core/Src/stm32f4xx_it.o
                0x000000000800119e                SVC_Handler
 .text.DebugMon_Handler
                0x00000000080011ac        0xe Core/Src/stm32f4xx_it.o
                0x00000000080011ac                DebugMon_Handler
 .text.PendSV_Handler
                0x00000000080011ba        0xe Core/Src/stm32f4xx_it.o
                0x00000000080011ba                PendSV_Handler
 .text.SysTick_Handler
                0x00000000080011c8        0xc Core/Src/stm32f4xx_it.o
                0x00000000080011c8                SysTick_Handler
 .text.DMA2_Stream1_IRQHandler
                0x00000000080011d4       0x14 Core/Src/stm32f4xx_it.o
                0x00000000080011d4                DMA2_Stream1_IRQHandler
 .text._sbrk    0x00000000080011e8       0x6c Core/Src/sysmem.o
                0x00000000080011e8                _sbrk
 .text.SystemInit
                0x0000000008001254       0x24 Core/Src/system_stm32f4xx.o
                0x0000000008001254                SystemInit
 .text.Reset_Handler
                0x0000000008001278       0x50 Core/Startup/startup_stm32f401retx.o
                0x0000000008001278                Reset_Handler
 .text.Default_Handler
                0x00000000080012c8        0x2 Core/Startup/startup_stm32f401retx.o
                0x00000000080012c8                RTC_Alarm_IRQHandler
                0x00000000080012c8                EXTI2_IRQHandler
                0x00000000080012c8                SPI4_IRQHandler
                0x00000000080012c8                TIM1_CC_IRQHandler
                0x00000000080012c8                DMA2_Stream5_IRQHandler
                0x00000000080012c8                DMA1_Stream5_IRQHandler
                0x00000000080012c8                PVD_IRQHandler
                0x00000000080012c8                SDIO_IRQHandler
                0x00000000080012c8                TAMP_STAMP_IRQHandler
                0x00000000080012c8                EXTI3_IRQHandler
                0x00000000080012c8                TIM1_UP_TIM10_IRQHandler
                0x00000000080012c8                I2C3_ER_IRQHandler
                0x00000000080012c8                EXTI0_IRQHandler
                0x00000000080012c8                I2C2_EV_IRQHandler
                0x00000000080012c8                DMA1_Stream2_IRQHandler
                0x00000000080012c8                FPU_IRQHandler
                0x00000000080012c8                DMA2_Stream2_IRQHandler
                0x00000000080012c8                SPI1_IRQHandler
                0x00000000080012c8                TIM1_BRK_TIM9_IRQHandler
                0x00000000080012c8                DMA2_Stream3_IRQHandler
                0x00000000080012c8                USART6_IRQHandler
                0x00000000080012c8                DMA2_Stream0_IRQHandler
                0x00000000080012c8                TIM4_IRQHandler
                0x00000000080012c8                I2C1_EV_IRQHandler
                0x00000000080012c8                DMA1_Stream6_IRQHandler
                0x00000000080012c8                DMA1_Stream1_IRQHandler
                0x00000000080012c8                TIM3_IRQHandler
                0x00000000080012c8                RCC_IRQHandler
                0x00000000080012c8                Default_Handler
                0x00000000080012c8                EXTI15_10_IRQHandler
                0x00000000080012c8                ADC_IRQHandler
                0x00000000080012c8                DMA1_Stream7_IRQHandler
                0x00000000080012c8                TIM5_IRQHandler
                0x00000000080012c8                DMA2_Stream7_IRQHandler
                0x00000000080012c8                I2C3_EV_IRQHandler
                0x00000000080012c8                EXTI9_5_IRQHandler
                0x00000000080012c8                RTC_WKUP_IRQHandler
                0x00000000080012c8                SPI2_IRQHandler
                0x00000000080012c8                DMA1_Stream0_IRQHandler
                0x00000000080012c8                EXTI4_IRQHandler
                0x00000000080012c8                WWDG_IRQHandler
                0x00000000080012c8                TIM2_IRQHandler
                0x00000000080012c8                OTG_FS_WKUP_IRQHandler
                0x00000000080012c8                TIM1_TRG_COM_TIM11_IRQHandler
                0x00000000080012c8                EXTI1_IRQHandler
                0x00000000080012c8                USART2_IRQHandler
                0x00000000080012c8                I2C2_ER_IRQHandler
                0x00000000080012c8                FLASH_IRQHandler
                0x00000000080012c8                DMA2_Stream4_IRQHandler
                0x00000000080012c8                USART1_IRQHandler
                0x00000000080012c8                OTG_FS_IRQHandler
                0x00000000080012c8                SPI3_IRQHandler
                0x00000000080012c8                DMA1_Stream4_IRQHandler
                0x00000000080012c8                I2C1_ER_IRQHandler
                0x00000000080012c8                DMA2_Stream6_IRQHandler
                0x00000000080012c8                DMA1_Stream3_IRQHandler
 *fill*         0x00000000080012ca        0x2 
 .text.HAL_Init
                0x00000000080012cc       0x44 Drivers/STM32F4xx_HAL_Driver/Src/stm32f4xx_hal.o
                0x00000000080012cc                HAL_Init
 .text.HAL_InitTick
                0x0000000008001310       0x60 Drivers/STM32F4xx_HAL_Driver/Src/stm32f4xx_hal.o
                0x0000000008001310                HAL_InitTick
 .text.HAL_IncTick
                0x0000000008001370       0x28 Drivers/STM32F4xx_HAL_Driver/Src/stm32f4xx_hal.o
                0x0000000008001370                HAL_IncTick
 .text.HAL_GetTick
                0x0000000008001398       0x18 Drivers/STM32F4xx_HAL_Driver/Src/stm32f4xx_hal.o
                0x0000000008001398                HAL_GetTick
 .text.HAL_Delay
                0x00000000080013b0       0x48 Drivers/STM32F4xx_HAL_Driver/Src/stm32f4xx_hal.o
                0x00000000080013b0                HAL_Delay
 .text.__NVIC_SetPriorityGrouping
                0x00000000080013f8       0x48 Drivers/STM32F4xx_HAL_Driver/Src/stm32f4xx_hal_cortex.o
 .text.__NVIC_GetPriorityGrouping
                0x0000000008001440       0x1c Drivers/STM32F4xx_HAL_Driver/Src/stm32f4xx_hal_cortex.o
 .text.__NVIC_EnableIRQ
                0x000000000800145c       0x3c Drivers/STM32F4xx_HAL_Driver/Src/stm32f4xx_hal_cortex.o
 .text.__NVIC_SetPriority
                0x0000000008001498       0x54 Drivers/STM32F4xx_HAL_Driver/Src/stm32f4xx_hal_cortex.o
 .text.NVIC_EncodePriority
                0x00000000080014ec       0x66 Drivers/STM32F4xx_HAL_Driver/Src/stm32f4xx_hal_cortex.o
 *fill*         0x0000000008001552        0x2 
 .text.SysTick_Config
                0x0000000008001554       0x44 Drivers/STM32F4xx_HAL_Driver/Src/stm32f4xx_hal_cortex.o
 .text.HAL_NVIC_SetPriorityGrouping
                0x0000000008001598       0x16 Drivers/STM32F4xx_HAL_Driver/Src/stm32f4xx_hal_cortex.o
                0x0000000008001598                HAL_NVIC_SetPriorityGrouping
 .text.HAL_NVIC_SetPriority
                0x00000000080015ae       0x38 Drivers/STM32F4xx_HAL_Driver/Src/stm32f4xx_hal_cortex.o
                0x00000000080015ae                HAL_NVIC_SetPriority
 .text.HAL_NVIC_EnableIRQ
                0x00000000080015e6       0x1c Drivers/STM32F4xx_HAL_Driver/Src/stm32f4xx_hal_cortex.o
                0x00000000080015e6                HAL_NVIC_EnableIRQ
 .text.HAL_SYSTICK_Config
                0x0000000008001602       0x18 Drivers/STM32F4xx_HAL_Driver/Src/stm32f4xx_hal_cortex.o
                0x0000000008001602                HAL_SYSTICK_Config
 *fill*         0x000000000800161a        0x2 
 .text.HAL_DMA_Init
                0x000000000800161c      0x15c Drivers/STM32F4xx_HAL_Driver/Src/stm32f4xx_hal_dma.o
                0x000000000800161c                HAL_DMA_Init
 .text.HAL_DMA_Start
                0x0000000008001778       0x76 Drivers/STM32F4xx_HAL_Driver/Src/stm32f4xx_hal_dma.o
                0x0000000008001778                HAL_DMA_Start
 *fill*         0x00000000080017ee        0x2 
 .text.HAL_DMA_IRQHandler
                0x00000000080017f0      0x314 Drivers/STM32F4xx_HAL_Driver/Src/stm32f4xx_hal_dma.o
                0x00000000080017f0                HAL_DMA_IRQHandler
 .text.HAL_DMA_RegisterCallback
                0x0000000008001b04       0xa8 Drivers/STM32F4xx_HAL_Driver/Src/stm32f4xx_hal_dma.o
                0x0000000008001b04                HAL_DMA_RegisterCallback
 .text.DMA_SetConfig
                0x0000000008001bac       0x5c Drivers/STM32F4xx_HAL_Driver/Src/stm32f4xx_hal_dma.o
 .text.DMA_CalcBaseAndBitshift
                0x0000000008001c08       0x6c Drivers/STM32F4xx_HAL_Driver/Src/stm32f4xx_hal_dma.o
 .text.DMA_CheckFifoParam
                0x0000000008001c74       0xf8 Drivers/STM32F4xx_HAL_Driver/Src/stm32f4xx_hal_dma.o
 .text.HAL_GPIO_Init
                0x0000000008001d6c      0x308 Drivers/STM32F4xx_HAL_Driver/Src/stm32f4xx_hal_gpio.o
                0x0000000008001d6c                HAL_GPIO_Init
 .text.HAL_GPIO_WritePin
                0x0000000008002074       0x32 Drivers/STM32F4xx_HAL_Driver/Src/stm32f4xx_hal_gpio.o
                0x0000000008002074                HAL_GPIO_WritePin
 *fill*         0x00000000080020a6        0x2 
 .text.HAL_I2C_Init
                0x00000000080020a8      0x288 Drivers/STM32F4xx_HAL_Driver/Src/stm32f4xx_hal_i2c.o
                0x00000000080020a8                HAL_I2C_Init
 .text.HAL_I2C_Master_Transmit
                0x0000000008002330      0x1fc Drivers/STM32F4xx_HAL_Driver/Src/stm32f4xx_hal_i2c.o
                0x0000000008002330                HAL_I2C_Master_Transmit
 .text.I2C_MasterRequestWrite
                0x000000000800252c      0x104 Drivers/STM32F4xx_HAL_Driver/Src/stm32f4xx_hal_i2c.o
 .text.I2C_WaitOnFlagUntilTimeout
                0x0000000008002630       0xae Drivers/STM32F4xx_HAL_Driver/Src/stm32f4xx_hal_i2c.o
 .text.I2C_WaitOnMasterAddressFlagUntilTimeout
                0x00000000080026de       0xfe Drivers/STM32F4xx_HAL_Driver/Src/stm32f4xx_hal_i2c.o
 .text.I2C_WaitOnTXEFlagUntilTimeout
                0x00000000080027dc       0x82 Drivers/STM32F4xx_HAL_Driver/Src/stm32f4xx_hal_i2c.o
 .text.I2C_WaitOnBTFFlagUntilTimeout
                0x000000000800285e       0x82 Drivers/STM32F4xx_HAL_Driver/Src/stm32f4xx_hal_i2c.o
 .text.I2C_IsAcknowledgeFailed
                0x00000000080028e0       0x5e Drivers/STM32F4xx_HAL_Driver/Src/stm32f4xx_hal_i2c.o
 *fill*         0x000000000800293e        0x2 
 .text.HAL_RCC_OscConfig
                0x0000000008002940      0x4f0 Drivers/STM32F4xx_HAL_Driver/Src/stm32f4xx_hal_rcc.o
                0x0000000008002940                HAL_RCC_OscConfig
 .text.HAL_RCC_ClockConfig
                0x0000000008002e30      0x1cc Drivers/STM32F4xx_HAL_Driver/Src/stm32f4xx_hal_rcc.o
                0x0000000008002e30                HAL_RCC_ClockConfig
 .text.HAL_RCC_GetSysClockFreq
                0x0000000008002ffc      0x1c4 Drivers/STM32F4xx_HAL_Driver/Src/stm32f4xx_hal_rcc.o
                0x0000000008002ffc                HAL_RCC_GetSysClockFreq
 .text.HAL_RCC_GetHCLKFreq
                0x00000000080031c0       0x18 Drivers/STM32F4xx_HAL_Driver/Src/stm32f4xx_hal_rcc.o
                0x00000000080031c0                HAL_RCC_GetHCLKFreq
 .text.HAL_RCC_GetPCLK1Freq
                0x00000000080031d8       0x28 Drivers/STM32F4xx_HAL_Driver/Src/stm32f4xx_hal_rcc.o
                0x00000000080031d8                HAL_RCC_GetPCLK1Freq
 .text.HAL_RCC_GetPCLK2Freq
                0x0000000008003200       0x28 Drivers/STM32F4xx_HAL_Driver/Src/stm32f4xx_hal_rcc.o
                0x0000000008003200                HAL_RCC_GetPCLK2Freq
 .text.HAL_TIM_PWM_Init
                0x0000000008003228       0x9e Drivers/STM32F4xx_HAL_Driver/Src/stm32f4xx_hal_tim.o
                0x0000000008003228                HAL_TIM_PWM_Init
 *fill*         0x00000000080032c6        0x2 
 .text.HAL_TIM_PWM_Start
                0x00000000080032c8      0x160 Drivers/STM32F4xx_HAL_Driver/Src/stm32f4xx_hal_tim.o
                0x00000000080032c8                HAL_TIM_PWM_Start
 .text.HAL_TIM_IC_Init
                0x0000000008003428       0x9e Drivers/STM32F4xx_HAL_Driver/Src/stm32f4xx_hal_tim.o
                0x0000000008003428                HAL_TIM_IC_Init
 *fill*         0x00000000080034c6        0x2 
 .text.HAL_TIM_IC_Start
                0x00000000080034c8      0x19c Drivers/STM32F4xx_HAL_Driver/Src/stm32f4xx_hal_tim.o
                0x00000000080034c8                HAL_TIM_IC_Start
 .text.HAL_TIM_IC_ConfigChannel
                0x0000000008003664      0x128 Drivers/STM32F4xx_HAL_Driver/Src/stm32f4xx_hal_tim.o
                0x0000000008003664                HAL_TIM_IC_ConfigChannel
 .text.HAL_TIM_PWM_ConfigChannel
                0x000000000800378c      0x17c Drivers/STM32F4xx_HAL_Driver/Src/stm32f4xx_hal_tim.o
                0x000000000800378c                HAL_TIM_PWM_ConfigChannel
 .text.TIM_Base_SetConfig
                0x0000000008003908      0x100 Drivers/STM32F4xx_HAL_Driver/Src/stm32f4xx_hal_tim.o
                0x0000000008003908                TIM_Base_SetConfig
 .text.TIM_OC1_SetConfig
                0x0000000008003a08       0xcc Drivers/STM32F4xx_HAL_Driver/Src/stm32f4xx_hal_tim.o
 .text.TIM_OC2_SetConfig
                0x0000000008003ad4       0xd8 Drivers/STM32F4xx_HAL_Driver/Src/stm32f4xx_hal_tim.o
                0x0000000008003ad4                TIM_OC2_SetConfig
 .text.TIM_OC3_SetConfig
                0x0000000008003bac       0xd4 Drivers/STM32F4xx_HAL_Driver/Src/stm32f4xx_hal_tim.o
 .text.TIM_OC4_SetConfig
                0x0000000008003c80       0xa0 Drivers/STM32F4xx_HAL_Driver/Src/stm32f4xx_hal_tim.o
 .text.TIM_TI1_SetConfig
                0x0000000008003d20       0xd0 Drivers/STM32F4xx_HAL_Driver/Src/stm32f4xx_hal_tim.o
                0x0000000008003d20                TIM_TI1_SetConfig
 .text.TIM_TI2_SetConfig
                0x0000000008003df0       0x7a Drivers/STM32F4xx_HAL_Driver/Src/stm32f4xx_hal_tim.o
 .text.TIM_TI3_SetConfig
                0x0000000008003e6a       0x78 Drivers/STM32F4xx_HAL_Driver/Src/stm32f4xx_hal_tim.o
 .text.TIM_TI4_SetConfig
                0x0000000008003ee2       0x7a Drivers/STM32F4xx_HAL_Driver/Src/stm32f4xx_hal_tim.o
 .text.TIM_CCxChannelCmd
                0x0000000008003f5c       0x4a Drivers/STM32F4xx_HAL_Driver/Src/stm32f4xx_hal_tim.o
                0x0000000008003f5c                TIM_CCxChannelCmd
 *fill*         0x0000000008003fa6        0x2 
 .text.HAL_TIMEx_MasterConfigSynchronization
                0x0000000008003fa8       0xdc Drivers/STM32F4xx_HAL_Driver/Src/stm32f4xx_hal_tim_ex.o
                0x0000000008003fa8                HAL_TIMEx_MasterConfigSynchronization
 .text.HAL_UART_Init
                0x0000000008004084       0x9a Drivers/STM32F4xx_HAL_Driver/Src/stm32f4xx_hal_uart.o
                0x0000000008004084                HAL_UART_Init
 .text.HAL_UART_Transmit
                0x000000000800411e      0x124 Drivers/STM32F4xx_HAL_Driver/Src/stm32f4xx_hal_uart.o
                0x000000000800411e                HAL_UART_Transmit
 .text.UART_WaitOnFlagUntilTimeout
                0x0000000008004242       0x94 Drivers/STM32F4xx_HAL_Driver/Src/stm32f4xx_hal_uart.o
 *fill*         0x00000000080042d6        0x2 
 .text.UART_SetConfig
                0x00000000080042d8      0x390 Drivers/STM32F4xx_HAL_Driver/Src/stm32f4xx_hal_uart.o
 .text.__errno  0x0000000008004668        0xc /opt/stm32cubeide/plugins/com.st.stm32cube.ide.mcu.externaltools.gnu-tools-for-stm32.9-2020-q2-update.linux64_1.5.0.202011040924/tools/bin/../lib/gcc/arm-none-eabi/9.3.1/../../../../arm-none-eabi/lib/thumb/v7e-m+fp/hard/libc_nano.a(lib_a-errno.o)
                0x0000000008004668                __errno
 .text.__libc_init_array
                0x0000000008004674       0x48 /opt/stm32cubeide/plugins/com.st.stm32cube.ide.mcu.externaltools.gnu-tools-for-stm32.9-2020-q2-update.linux64_1.5.0.202011040924/tools/bin/../lib/gcc/arm-none-eabi/9.3.1/../../../../arm-none-eabi/lib/thumb/v7e-m+fp/hard/libc_nano.a(lib_a-init.o)
                0x0000000008004674                __libc_init_array
 .text.memset   0x00000000080046bc       0x10 /opt/stm32cubeide/plugins/com.st.stm32cube.ide.mcu.externaltools.gnu-tools-for-stm32.9-2020-q2-update.linux64_1.5.0.202011040924/tools/bin/../lib/gcc/arm-none-eabi/9.3.1/../../../../arm-none-eabi/lib/thumb/v7e-m+fp/hard/libc_nano.a(lib_a-memset.o)
                0x00000000080046bc                memset
 .text.sprintf  0x00000000080046cc       0x40 /opt/stm32cubeide/plugins/com.st.stm32cube.ide.mcu.externaltools.gnu-tools-for-stm32.9-2020-q2-update.linux64_1.5.0.202011040924/tools/bin/../lib/gcc/arm-none-eabi/9.3.1/../../../../arm-none-eabi/lib/thumb/v7e-m+fp/hard/libc_nano.a(lib_a-sprintf.o)
                0x00000000080046cc                sprintf
                0x00000000080046cc                siprintf
 .text.__ssputs_r
                0x000000000800470c       0xb6 /opt/stm32cubeide/plugins/com.st.stm32cube.ide.mcu.externaltools.gnu-tools-for-stm32.9-2020-q2-update.linux64_1.5.0.202011040924/tools/bin/../lib/gcc/arm-none-eabi/9.3.1/../../../../arm-none-eabi/lib/thumb/v7e-m+fp/hard/libc_nano.a(lib_a-nano-svfprintf.o)
                0x000000000800470c                __ssputs_r
 *fill*         0x00000000080047c2        0x2 
 .text._svfprintf_r
                0x00000000080047c4      0x200 /opt/stm32cubeide/plugins/com.st.stm32cube.ide.mcu.externaltools.gnu-tools-for-stm32.9-2020-q2-update.linux64_1.5.0.202011040924/tools/bin/../lib/gcc/arm-none-eabi/9.3.1/../../../../arm-none-eabi/lib/thumb/v7e-m+fp/hard/libc_nano.a(lib_a-nano-svfprintf.o)
                0x00000000080047c4                _svfprintf_r
                0x00000000080047c4                _svfiprintf_r
 .text._printf_common
                0x00000000080049c4       0xda /opt/stm32cubeide/plugins/com.st.stm32cube.ide.mcu.externaltools.gnu-tools-for-stm32.9-2020-q2-update.linux64_1.5.0.202011040924/tools/bin/../lib/gcc/arm-none-eabi/9.3.1/../../../../arm-none-eabi/lib/thumb/v7e-m+fp/hard/libc_nano.a(lib_a-nano-vfprintf_i.o)
                0x00000000080049c4                _printf_common
 *fill*         0x0000000008004a9e        0x2 
 .text._printf_i
                0x0000000008004aa0      0x24c /opt/stm32cubeide/plugins/com.st.stm32cube.ide.mcu.externaltools.gnu-tools-for-stm32.9-2020-q2-update.linux64_1.5.0.202011040924/tools/bin/../lib/gcc/arm-none-eabi/9.3.1/../../../../arm-none-eabi/lib/thumb/v7e-m+fp/hard/libc_nano.a(lib_a-nano-vfprintf_i.o)
                0x0000000008004aa0                _printf_i
 .text.memcpy   0x0000000008004cec       0x1c /opt/stm32cubeide/plugins/com.st.stm32cube.ide.mcu.externaltools.gnu-tools-for-stm32.9-2020-q2-update.linux64_1.5.0.202011040924/tools/bin/../lib/gcc/arm-none-eabi/9.3.1/../../../../arm-none-eabi/lib/thumb/v7e-m+fp/hard/libc_nano.a(lib_a-memcpy-stub.o)
                0x0000000008004cec                memcpy
 .text.memmove  0x0000000008004d08       0x34 /opt/stm32cubeide/plugins/com.st.stm32cube.ide.mcu.externaltools.gnu-tools-for-stm32.9-2020-q2-update.linux64_1.5.0.202011040924/tools/bin/../lib/gcc/arm-none-eabi/9.3.1/../../../../arm-none-eabi/lib/thumb/v7e-m+fp/hard/libc_nano.a(lib_a-memmove.o)
                0x0000000008004d08                memmove
 .text._free_r  0x0000000008004d3c       0xa0 /opt/stm32cubeide/plugins/com.st.stm32cube.ide.mcu.externaltools.gnu-tools-for-stm32.9-2020-q2-update.linux64_1.5.0.202011040924/tools/bin/../lib/gcc/arm-none-eabi/9.3.1/../../../../arm-none-eabi/lib/thumb/v7e-m+fp/hard/libc_nano.a(lib_a-nano-freer.o)
                0x0000000008004d3c                _free_r
 .text._malloc_r
                0x0000000008004ddc       0xb4 /opt/stm32cubeide/plugins/com.st.stm32cube.ide.mcu.externaltools.gnu-tools-for-stm32.9-2020-q2-update.linux64_1.5.0.202011040924/tools/bin/../lib/gcc/arm-none-eabi/9.3.1/../../../../arm-none-eabi/lib/thumb/v7e-m+fp/hard/libc_nano.a(lib_a-nano-mallocr.o)
                0x0000000008004ddc                _malloc_r
 .text._realloc_r
                0x0000000008004e90       0x4c /opt/stm32cubeide/plugins/com.st.stm32cube.ide.mcu.externaltools.gnu-tools-for-stm32.9-2020-q2-update.linux64_1.5.0.202011040924/tools/bin/../lib/gcc/arm-none-eabi/9.3.1/../../../../arm-none-eabi/lib/thumb/v7e-m+fp/hard/libc_nano.a(lib_a-nano-reallocr.o)
                0x0000000008004e90                _realloc_r
 .text._sbrk_r  0x0000000008004edc       0x20 /opt/stm32cubeide/plugins/com.st.stm32cube.ide.mcu.externaltools.gnu-tools-for-stm32.9-2020-q2-update.linux64_1.5.0.202011040924/tools/bin/../lib/gcc/arm-none-eabi/9.3.1/../../../../arm-none-eabi/lib/thumb/v7e-m+fp/hard/libc_nano.a(lib_a-sbrkr.o)
                0x0000000008004edc                _sbrk_r
 .text.__malloc_lock
                0x0000000008004efc        0xc /opt/stm32cubeide/plugins/com.st.stm32cube.ide.mcu.externaltools.gnu-tools-for-stm32.9-2020-q2-update.linux64_1.5.0.202011040924/tools/bin/../lib/gcc/arm-none-eabi/9.3.1/../../../../arm-none-eabi/lib/thumb/v7e-m+fp/hard/libc_nano.a(lib_a-mlock.o)
                0x0000000008004efc                __malloc_lock
 .text.__malloc_unlock
                0x0000000008004f08        0xc /opt/stm32cubeide/plugins/com.st.stm32cube.ide.mcu.externaltools.gnu-tools-for-stm32.9-2020-q2-update.linux64_1.5.0.202011040924/tools/bin/../lib/gcc/arm-none-eabi/9.3.1/../../../../arm-none-eabi/lib/thumb/v7e-m+fp/hard/libc_nano.a(lib_a-mlock.o)
                0x0000000008004f08                __malloc_unlock
 .text._malloc_usable_size_r
                0x0000000008004f14       0x10 /opt/stm32cubeide/plugins/com.st.stm32cube.ide.mcu.externaltools.gnu-tools-for-stm32.9-2020-q2-update.linux64_1.5.0.202011040924/tools/bin/../lib/gcc/arm-none-eabi/9.3.1/../../../../arm-none-eabi/lib/thumb/v7e-m+fp/hard/libc_nano.a(lib_a-nano-msizer.o)
                0x0000000008004f14                _malloc_usable_size_r
 .text.__retarget_lock_acquire_recursive
                0x0000000008004f24        0x2 /opt/stm32cubeide/plugins/com.st.stm32cube.ide.mcu.externaltools.gnu-tools-for-stm32.9-2020-q2-update.linux64_1.5.0.202011040924/tools/bin/../lib/gcc/arm-none-eabi/9.3.1/../../../../arm-none-eabi/lib/thumb/v7e-m+fp/hard/libc_nano.a(lib_a-lock.o)
                0x0000000008004f24                __retarget_lock_acquire_recursive
 .text.__retarget_lock_release_recursive
                0x0000000008004f26        0x2 /opt/stm32cubeide/plugins/com.st.stm32cube.ide.mcu.externaltools.gnu-tools-for-stm32.9-2020-q2-update.linux64_1.5.0.202011040924/tools/bin/../lib/gcc/arm-none-eabi/9.3.1/../../../../arm-none-eabi/lib/thumb/v7e-m+fp/hard/libc_nano.a(lib_a-lock.o)
                0x0000000008004f26                __retarget_lock_release_recursive
 *(.glue_7)
 .glue_7        0x0000000008004f28        0x0 linker stubs
 *(.glue_7t)
 .glue_7t       0x0000000008004f28        0x0 linker stubs
 *(.eh_frame)
 .eh_frame      0x0000000008004f28        0x0 /opt/stm32cubeide/plugins/com.st.stm32cube.ide.mcu.externaltools.gnu-tools-for-stm32.9-2020-q2-update.linux64_1.5.0.202011040924/tools/bin/../lib/gcc/arm-none-eabi/9.3.1/thumb/v7e-m+fp/hard/crtbegin.o
 *(.init)
 .init          0x0000000008004f28        0x4 /opt/stm32cubeide/plugins/com.st.stm32cube.ide.mcu.externaltools.gnu-tools-for-stm32.9-2020-q2-update.linux64_1.5.0.202011040924/tools/bin/../lib/gcc/arm-none-eabi/9.3.1/thumb/v7e-m+fp/hard/crti.o
                0x0000000008004f28                _init
 .init          0x0000000008004f2c        0x8 /opt/stm32cubeide/plugins/com.st.stm32cube.ide.mcu.externaltools.gnu-tools-for-stm32.9-2020-q2-update.linux64_1.5.0.202011040924/tools/bin/../lib/gcc/arm-none-eabi/9.3.1/thumb/v7e-m+fp/hard/crtn.o
 *(.fini)
 .fini          0x0000000008004f34        0x4 /opt/stm32cubeide/plugins/com.st.stm32cube.ide.mcu.externaltools.gnu-tools-for-stm32.9-2020-q2-update.linux64_1.5.0.202011040924/tools/bin/../lib/gcc/arm-none-eabi/9.3.1/thumb/v7e-m+fp/hard/crti.o
                0x0000000008004f34                _fini
 .fini          0x0000000008004f38        0x8 /opt/stm32cubeide/plugins/com.st.stm32cube.ide.mcu.externaltools.gnu-tools-for-stm32.9-2020-q2-update.linux64_1.5.0.202011040924/tools/bin/../lib/gcc/arm-none-eabi/9.3.1/thumb/v7e-m+fp/hard/crtn.o
                0x0000000008004f40                . = ALIGN (0x4)
                0x0000000008004f40                _etext = .

.vfp11_veneer   0x0000000008004f40        0x0
 .vfp11_veneer  0x0000000008004f40        0x0 linker stubs

.v4_bx          0x0000000008004f40        0x0
 .v4_bx         0x0000000008004f40        0x0 linker stubs

.iplt           0x0000000008004f40        0x0
 .iplt          0x0000000008004f40        0x0 /opt/stm32cubeide/plugins/com.st.stm32cube.ide.mcu.externaltools.gnu-tools-for-stm32.9-2020-q2-update.linux64_1.5.0.202011040924/tools/bin/../lib/gcc/arm-none-eabi/9.3.1/thumb/v7e-m+fp/hard/crtbegin.o

.rodata         0x0000000008004f40      0x17c
                0x0000000008004f40                . = ALIGN (0x4)
 *(.rodata)
 .rodata        0x0000000008004f40      0x10a Core/Src/main.o
 *(.rodata*)
 *fill*         0x000000000800504a        0x2 
 .rodata.regCfg
                0x000000000800504c       0x1a Core/Src/main.o
                0x000000000800504c                regCfg
 *fill*         0x0000000008005066        0x2 
 .rodata.AHBPrescTable
                0x0000000008005068       0x10 Core/Src/system_stm32f4xx.o
                0x0000000008005068                AHBPrescTable
 .rodata.APBPrescTable
                0x0000000008005078        0x8 Core/Src/system_stm32f4xx.o
                0x0000000008005078                APBPrescTable
 .rodata.flagBitshiftOffset.8391
                0x0000000008005080        0x8 Drivers/STM32F4xx_HAL_Driver/Src/stm32f4xx_hal_dma.o
 .rodata._svfprintf_r.str1.1
                0x0000000008005088       0x11 /opt/stm32cubeide/plugins/com.st.stm32cube.ide.mcu.externaltools.gnu-tools-for-stm32.9-2020-q2-update.linux64_1.5.0.202011040924/tools/bin/../lib/gcc/arm-none-eabi/9.3.1/../../../../arm-none-eabi/lib/thumb/v7e-m+fp/hard/libc_nano.a(lib_a-nano-svfprintf.o)
 .rodata._printf_i.str1.1
                0x0000000008005099       0x22 /opt/stm32cubeide/plugins/com.st.stm32cube.ide.mcu.externaltools.gnu-tools-for-stm32.9-2020-q2-update.linux64_1.5.0.202011040924/tools/bin/../lib/gcc/arm-none-eabi/9.3.1/../../../../arm-none-eabi/lib/thumb/v7e-m+fp/hard/libc_nano.a(lib_a-nano-vfprintf_i.o)
                0x00000000080050bc                . = ALIGN (0x4)
 *fill*         0x00000000080050bb        0x1 

.ARM.extab      0x00000000080050bc        0x0
                0x00000000080050bc                . = ALIGN (0x4)
 *(.ARM.extab* .gnu.linkonce.armextab.*)
                0x00000000080050bc                . = ALIGN (0x4)

.ARM            0x00000000080050bc        0x8
                0x00000000080050bc                . = ALIGN (0x4)
                0x00000000080050bc                __exidx_start = .
 *(.ARM.exidx*)
 .ARM.exidx     0x00000000080050bc        0x8 /opt/stm32cubeide/plugins/com.st.stm32cube.ide.mcu.externaltools.gnu-tools-for-stm32.9-2020-q2-update.linux64_1.5.0.202011040924/tools/bin/../lib/gcc/arm-none-eabi/9.3.1/thumb/v7e-m+fp/hard/libgcc.a(_udivmoddi4.o)
                0x00000000080050c4                __exidx_end = .
                0x00000000080050c4                . = ALIGN (0x4)

.rel.dyn        0x00000000080050c4        0x0
 .rel.iplt      0x00000000080050c4        0x0 /opt/stm32cubeide/plugins/com.st.stm32cube.ide.mcu.externaltools.gnu-tools-for-stm32.9-2020-q2-update.linux64_1.5.0.202011040924/tools/bin/../lib/gcc/arm-none-eabi/9.3.1/thumb/v7e-m+fp/hard/crtbegin.o

.preinit_array  0x00000000080050c4        0x0
                0x00000000080050c4                . = ALIGN (0x4)
                0x00000000080050c4                PROVIDE (__preinit_array_start = .)
 *(.preinit_array*)
                0x00000000080050c4                PROVIDE (__preinit_array_end = .)
                0x00000000080050c4                . = ALIGN (0x4)

.init_array     0x00000000080050c4        0x4
                0x00000000080050c4                . = ALIGN (0x4)
                0x00000000080050c4                PROVIDE (__init_array_start = .)
 *(SORT_BY_NAME(.init_array.*))
 *(.init_array*)
 .init_array    0x00000000080050c4        0x4 /opt/stm32cubeide/plugins/com.st.stm32cube.ide.mcu.externaltools.gnu-tools-for-stm32.9-2020-q2-update.linux64_1.5.0.202011040924/tools/bin/../lib/gcc/arm-none-eabi/9.3.1/thumb/v7e-m+fp/hard/crtbegin.o
                0x00000000080050c8                PROVIDE (__init_array_end = .)
                0x00000000080050c8                . = ALIGN (0x4)

.fini_array     0x00000000080050c8        0x4
                0x00000000080050c8                . = ALIGN (0x4)
                [!provide]                        PROVIDE (__fini_array_start = .)
 *(SORT_BY_NAME(.fini_array.*))
 *(.fini_array*)
 .fini_array    0x00000000080050c8        0x4 /opt/stm32cubeide/plugins/com.st.stm32cube.ide.mcu.externaltools.gnu-tools-for-stm32.9-2020-q2-update.linux64_1.5.0.202011040924/tools/bin/../lib/gcc/arm-none-eabi/9.3.1/thumb/v7e-m+fp/hard/crtbegin.o
                [!provide]                        PROVIDE (__fini_array_end = .)
                0x00000000080050cc                . = ALIGN (0x4)
                0x00000000080050cc                _sidata = LOADADDR (.data)

.data           0x0000000020000000       0x74 load address 0x00000000080050cc
                0x0000000020000000                . = ALIGN (0x4)
                0x0000000020000000                _sdata = .
 *(.data)
 *(.data*)
 .data.camState
                0x0000000020000000        0x1 Core/Src/main.o
                0x0000000020000000                camState
 *fill*         0x0000000020000001        0x3 
 .data.SystemCoreClock
                0x0000000020000004        0x4 Core/Src/system_stm32f4xx.o
                0x0000000020000004                SystemCoreClock
 .data.uwTickPrio
                0x0000000020000008        0x4 Drivers/STM32F4xx_HAL_Driver/Src/stm32f4xx_hal.o
                0x0000000020000008                uwTickPrio
 .data.uwTickFreq
                0x000000002000000c        0x1 Drivers/STM32F4xx_HAL_Driver/Src/stm32f4xx_hal.o
                0x000000002000000c                uwTickFreq
 *fill*         0x000000002000000d        0x3 
 .data._impure_ptr
                0x0000000020000010        0x4 /opt/stm32cubeide/plugins/com.st.stm32cube.ide.mcu.externaltools.gnu-tools-for-stm32.9-2020-q2-update.linux64_1.5.0.202011040924/tools/bin/../lib/gcc/arm-none-eabi/9.3.1/../../../../arm-none-eabi/lib/thumb/v7e-m+fp/hard/libc_nano.a(lib_a-impure.o)
                0x0000000020000010                _impure_ptr
 .data.impure_data
                0x0000000020000014       0x60 /opt/stm32cubeide/plugins/com.st.stm32cube.ide.mcu.externaltools.gnu-tools-for-stm32.9-2020-q2-update.linux64_1.5.0.202011040924/tools/bin/../lib/gcc/arm-none-eabi/9.3.1/../../../../arm-none-eabi/lib/thumb/v7e-m+fp/hard/libc_nano.a(lib_a-impure.o)
 *(.RamFunc)
 *(.RamFunc*)
                0x0000000020000074                . = ALIGN (0x4)
                0x0000000020000074                _edata = .

.igot.plt       0x0000000020000074        0x0 load address 0x0000000008005140
 .igot.plt      0x0000000020000074        0x0 /opt/stm32cubeide/plugins/com.st.stm32cube.ide.mcu.externaltools.gnu-tools-for-stm32.9-2020-q2-update.linux64_1.5.0.202011040924/tools/bin/../lib/gcc/arm-none-eabi/9.3.1/thumb/v7e-m+fp/hard/crtbegin.o
                0x0000000020000074                . = ALIGN (0x4)

.bss            0x0000000020000074     0xcd60 load address 0x0000000008005140
                0x0000000020000074                _sbss = .
                0x0000000020000074                __bss_start__ = _sbss
 *(.bss)
 .bss           0x0000000020000074       0x1c /opt/stm32cubeide/plugins/com.st.stm32cube.ide.mcu.externaltools.gnu-tools-for-stm32.9-2020-q2-update.linux64_1.5.0.202011040924/tools/bin/../lib/gcc/arm-none-eabi/9.3.1/thumb/v7e-m+fp/hard/crtbegin.o
 *(.bss*)
 .bss.lineCnt   0x0000000020000090        0x4 Core/Src/main.o
                0x0000000020000090                lineCnt
 .bss.frameSkipped
                0x0000000020000094        0x4 Core/Src/main.o
                0x0000000020000094                frameSkipped
 .bss.__sbrk_heap_end
                0x0000000020000098        0x4 Core/Src/sysmem.o
 .bss.__malloc_free_list
                0x000000002000009c        0x4 /opt/stm32cubeide/plugins/com.st.stm32cube.ide.mcu.externaltools.gnu-tools-for-stm32.9-2020-q2-update.linux64_1.5.0.202011040924/tools/bin/../lib/gcc/arm-none-eabi/9.3.1/../../../../arm-none-eabi/lib/thumb/v7e-m+fp/hard/libc_nano.a(lib_a-nano-mallocr.o)
                0x000000002000009c                __malloc_free_list
 .bss.__malloc_sbrk_start
                0x00000000200000a0        0x4 /opt/stm32cubeide/plugins/com.st.stm32cube.ide.mcu.externaltools.gnu-tools-for-stm32.9-2020-q2-update.linux64_1.5.0.202011040924/tools/bin/../lib/gcc/arm-none-eabi/9.3.1/../../../../arm-none-eabi/lib/thumb/v7e-m+fp/hard/libc_nano.a(lib_a-nano-mallocr.o)
                0x00000000200000a0                __malloc_sbrk_start
 *(COMMON)
 COMMON         0x00000000200000a4     0xcd1c Core/Src/main.o
                0x00000000200000a4                t
                0x0000000020000234                hdma_tim1_ch1
                0x0000000020000294                imgBuff
                0x000000002000c654                hi2c1
                0x000000002000c6a8                frameSk
                0x000000002000c9c8                htim3
                0x000000002000ca10                frameStart
                0x000000002000ca14                lineStop
                0x000000002000cd34                htim1
                0x000000002000cd7c                huart2
 COMMON         0x000000002000cdc0        0x4 Drivers/STM32F4xx_HAL_Driver/Src/stm32f4xx_hal.o
                0x000000002000cdc0                uwTick
 COMMON         0x000000002000cdc4        0x4 /opt/stm32cubeide/plugins/com.st.stm32cube.ide.mcu.externaltools.gnu-tools-for-stm32.9-2020-q2-update.linux64_1.5.0.202011040924/tools/bin/../lib/gcc/arm-none-eabi/9.3.1/../../../../arm-none-eabi/lib/thumb/v7e-m+fp/hard/libc_nano.a(lib_a-reent.o)
                0x000000002000cdc4                errno
 COMMON         0x000000002000cdc8        0x9 /opt/stm32cubeide/plugins/com.st.stm32cube.ide.mcu.externaltools.gnu-tools-for-stm32.9-2020-q2-update.linux64_1.5.0.202011040924/tools/bin/../lib/gcc/arm-none-eabi/9.3.1/../../../../arm-none-eabi/lib/thumb/v7e-m+fp/hard/libc_nano.a(lib_a-lock.o)
                0x000000002000cdc8                __lock___atexit_recursive_mutex
                0x000000002000cdc9                __lock___arc4random_mutex
                0x000000002000cdca                __lock___env_recursive_mutex
                0x000000002000cdcb                __lock___sinit_recursive_mutex
                0x000000002000cdcc                __lock___malloc_recursive_mutex
                0x000000002000cdcd                __lock___at_quick_exit_mutex
                0x000000002000cdce                __lock___dd_hash_mutex
                0x000000002000cdcf                __lock___tz_mutex
                0x000000002000cdd0                __lock___sfp_recursive_mutex
                0x000000002000cdd4                . = ALIGN (0x4)
 *fill*         0x000000002000cdd1        0x3 
                0x000000002000cdd4                _ebss = .
                0x000000002000cdd4                __bss_end__ = _ebss

._user_heap_stack
                0x000000002000cdd4      0x604 load address 0x0000000008005140
                0x000000002000cdd8                . = ALIGN (0x8)
 *fill*         0x000000002000cdd4        0x4 
                [!provide]                        PROVIDE (end = .)
                0x000000002000cdd8                PROVIDE (_end = .)
                0x000000002000cfd8                . = (. + _Min_Heap_Size)
 *fill*         0x000000002000cdd8      0x200 
                0x000000002000d3d8                . = (. + _Min_Stack_Size)
 *fill*         0x000000002000cfd8      0x400 
                0x000000002000d3d8                . = ALIGN (0x8)

/DISCARD/
 libc.a(*)
 libm.a(*)
 libgcc.a(*)

.ARM.attributes
                0x0000000000000000       0x30
 *(.ARM.attributes)
 .ARM.attributes
                0x0000000000000000       0x1e /opt/stm32cubeide/plugins/com.st.stm32cube.ide.mcu.externaltools.gnu-tools-for-stm32.9-2020-q2-update.linux64_1.5.0.202011040924/tools/bin/../lib/gcc/arm-none-eabi/9.3.1/thumb/v7e-m+fp/hard/crti.o
 .ARM.attributes
                0x000000000000001e       0x34 /opt/stm32cubeide/plugins/com.st.stm32cube.ide.mcu.externaltools.gnu-tools-for-stm32.9-2020-q2-update.linux64_1.5.0.202011040924/tools/bin/../lib/gcc/arm-none-eabi/9.3.1/thumb/v7e-m+fp/hard/crtbegin.o
 .ARM.attributes
                0x0000000000000052       0x34 Core/Src/main.o
 .ARM.attributes
                0x0000000000000086       0x34 Core/Src/stm32f4xx_hal_msp.o
 .ARM.attributes
                0x00000000000000ba       0x34 Core/Src/stm32f4xx_it.o
 .ARM.attributes
                0x00000000000000ee       0x34 Core/Src/sysmem.o
 .ARM.attributes
                0x0000000000000122       0x34 Core/Src/system_stm32f4xx.o
 .ARM.attributes
                0x0000000000000156       0x21 Core/Startup/startup_stm32f401retx.o
 .ARM.attributes
                0x0000000000000177       0x34 Drivers/STM32F4xx_HAL_Driver/Src/stm32f4xx_hal.o
 .ARM.attributes
                0x00000000000001ab       0x34 Drivers/STM32F4xx_HAL_Driver/Src/stm32f4xx_hal_cortex.o
 .ARM.attributes
                0x00000000000001df       0x34 Drivers/STM32F4xx_HAL_Driver/Src/stm32f4xx_hal_dma.o
 .ARM.attributes
                0x0000000000000213       0x34 Drivers/STM32F4xx_HAL_Driver/Src/stm32f4xx_hal_gpio.o
 .ARM.attributes
                0x0000000000000247       0x34 Drivers/STM32F4xx_HAL_Driver/Src/stm32f4xx_hal_i2c.o
 .ARM.attributes
                0x000000000000027b       0x34 Drivers/STM32F4xx_HAL_Driver/Src/stm32f4xx_hal_rcc.o
 .ARM.attributes
                0x00000000000002af       0x34 Drivers/STM32F4xx_HAL_Driver/Src/stm32f4xx_hal_tim.o
 .ARM.attributes
                0x00000000000002e3       0x34 Drivers/STM32F4xx_HAL_Driver/Src/stm32f4xx_hal_tim_ex.o
 .ARM.attributes
                0x0000000000000317       0x34 Drivers/STM32F4xx_HAL_Driver/Src/stm32f4xx_hal_uart.o
 .ARM.attributes
                0x000000000000034b       0x34 /opt/stm32cubeide/plugins/com.st.stm32cube.ide.mcu.externaltools.gnu-tools-for-stm32.9-2020-q2-update.linux64_1.5.0.202011040924/tools/bin/../lib/gcc/arm-none-eabi/9.3.1/../../../../arm-none-eabi/lib/thumb/v7e-m+fp/hard/libc_nano.a(lib_a-errno.o)
 .ARM.attributes
                0x000000000000037f       0x32 /opt/stm32cubeide/plugins/com.st.stm32cube.ide.mcu.externaltools.gnu-tools-for-stm32.9-2020-q2-update.linux64_1.5.0.202011040924/tools/bin/../lib/gcc/arm-none-eabi/9.3.1/../../../../arm-none-eabi/lib/thumb/v7e-m+fp/hard/libc_nano.a(lib_a-impure.o)
 .ARM.attributes
                0x00000000000003b1       0x34 /opt/stm32cubeide/plugins/com.st.stm32cube.ide.mcu.externaltools.gnu-tools-for-stm32.9-2020-q2-update.linux64_1.5.0.202011040924/tools/bin/../lib/gcc/arm-none-eabi/9.3.1/../../../../arm-none-eabi/lib/thumb/v7e-m+fp/hard/libc_nano.a(lib_a-init.o)
 .ARM.attributes
                0x00000000000003e5       0x34 /opt/stm32cubeide/plugins/com.st.stm32cube.ide.mcu.externaltools.gnu-tools-for-stm32.9-2020-q2-update.linux64_1.5.0.202011040924/tools/bin/../lib/gcc/arm-none-eabi/9.3.1/../../../../arm-none-eabi/lib/thumb/v7e-m+fp/hard/libc_nano.a(lib_a-memset.o)
 .ARM.attributes
                0x0000000000000419       0x34 /opt/stm32cubeide/plugins/com.st.stm32cube.ide.mcu.externaltools.gnu-tools-for-stm32.9-2020-q2-update.linux64_1.5.0.202011040924/tools/bin/../lib/gcc/arm-none-eabi/9.3.1/../../../../arm-none-eabi/lib/thumb/v7e-m+fp/hard/libc_nano.a(lib_a-sprintf.o)
 .ARM.attributes
                0x000000000000044d       0x17 /opt/stm32cubeide/plugins/com.st.stm32cube.ide.mcu.externaltools.gnu-tools-for-stm32.9-2020-q2-update.linux64_1.5.0.202011040924/tools/bin/../lib/gcc/arm-none-eabi/9.3.1/../../../../arm-none-eabi/lib/thumb/v7e-m+fp/hard/libc_nano.a(lib_a-strlen.o)
 .ARM.attributes
                0x0000000000000464       0x34 /opt/stm32cubeide/plugins/com.st.stm32cube.ide.mcu.externaltools.gnu-tools-for-stm32.9-2020-q2-update.linux64_1.5.0.202011040924/tools/bin/../lib/gcc/arm-none-eabi/9.3.1/../../../../arm-none-eabi/lib/thumb/v7e-m+fp/hard/libc_nano.a(lib_a-nano-svfprintf.o)
 .ARM.attributes
                0x0000000000000498       0x34 /opt/stm32cubeide/plugins/com.st.stm32cube.ide.mcu.externaltools.gnu-tools-for-stm32.9-2020-q2-update.linux64_1.5.0.202011040924/tools/bin/../lib/gcc/arm-none-eabi/9.3.1/../../../../arm-none-eabi/lib/thumb/v7e-m+fp/hard/libc_nano.a(lib_a-nano-vfprintf_i.o)
 .ARM.attributes
                0x00000000000004cc       0x1c /opt/stm32cubeide/plugins/com.st.stm32cube.ide.mcu.externaltools.gnu-tools-for-stm32.9-2020-q2-update.linux64_1.5.0.202011040924/tools/bin/../lib/gcc/arm-none-eabi/9.3.1/../../../../arm-none-eabi/lib/thumb/v7e-m+fp/hard/libc_nano.a(lib_a-memchr.o)
 .ARM.attributes
                0x00000000000004e8       0x34 /opt/stm32cubeide/plugins/com.st.stm32cube.ide.mcu.externaltools.gnu-tools-for-stm32.9-2020-q2-update.linux64_1.5.0.202011040924/tools/bin/../lib/gcc/arm-none-eabi/9.3.1/../../../../arm-none-eabi/lib/thumb/v7e-m+fp/hard/libc_nano.a(lib_a-memcpy-stub.o)
 .ARM.attributes
                0x000000000000051c       0x34 /opt/stm32cubeide/plugins/com.st.stm32cube.ide.mcu.externaltools.gnu-tools-for-stm32.9-2020-q2-update.linux64_1.5.0.202011040924/tools/bin/../lib/gcc/arm-none-eabi/9.3.1/../../../../arm-none-eabi/lib/thumb/v7e-m+fp/hard/libc_nano.a(lib_a-memmove.o)
 .ARM.attributes
                0x0000000000000550       0x34 /opt/stm32cubeide/plugins/com.st.stm32cube.ide.mcu.externaltools.gnu-tools-for-stm32.9-2020-q2-update.linux64_1.5.0.202011040924/tools/bin/../lib/gcc/arm-none-eabi/9.3.1/../../../../arm-none-eabi/lib/thumb/v7e-m+fp/hard/libc_nano.a(lib_a-nano-freer.o)
 .ARM.attributes
                0x0000000000000584       0x34 /opt/stm32cubeide/plugins/com.st.stm32cube.ide.mcu.externaltools.gnu-tools-for-stm32.9-2020-q2-update.linux64_1.5.0.202011040924/tools/bin/../lib/gcc/arm-none-eabi/9.3.1/../../../../arm-none-eabi/lib/thumb/v7e-m+fp/hard/libc_nano.a(lib_a-nano-mallocr.o)
 .ARM.attributes
                0x00000000000005b8       0x34 /opt/stm32cubeide/plugins/com.st.stm32cube.ide.mcu.externaltools.gnu-tools-for-stm32.9-2020-q2-update.linux64_1.5.0.202011040924/tools/bin/../lib/gcc/arm-none-eabi/9.3.1/../../../../arm-none-eabi/lib/thumb/v7e-m+fp/hard/libc_nano.a(lib_a-nano-reallocr.o)
 .ARM.attributes
                0x00000000000005ec       0x34 /opt/stm32cubeide/plugins/com.st.stm32cube.ide.mcu.externaltools.gnu-tools-for-stm32.9-2020-q2-update.linux64_1.5.0.202011040924/tools/bin/../lib/gcc/arm-none-eabi/9.3.1/../../../../arm-none-eabi/lib/thumb/v7e-m+fp/hard/libc_nano.a(lib_a-sbrkr.o)
 .ARM.attributes
                0x0000000000000620       0x34 /opt/stm32cubeide/plugins/com.st.stm32cube.ide.mcu.externaltools.gnu-tools-for-stm32.9-2020-q2-update.linux64_1.5.0.202011040924/tools/bin/../lib/gcc/arm-none-eabi/9.3.1/../../../../arm-none-eabi/lib/thumb/v7e-m+fp/hard/libc_nano.a(lib_a-mlock.o)
 .ARM.attributes
                0x0000000000000654       0x34 /opt/stm32cubeide/plugins/com.st.stm32cube.ide.mcu.externaltools.gnu-tools-for-stm32.9-2020-q2-update.linux64_1.5.0.202011040924/tools/bin/../lib/gcc/arm-none-eabi/9.3.1/../../../../arm-none-eabi/lib/thumb/v7e-m+fp/hard/libc_nano.a(lib_a-nano-msizer.o)
 .ARM.attributes
                0x0000000000000688       0x34 /opt/stm32cubeide/plugins/com.st.stm32cube.ide.mcu.externaltools.gnu-tools-for-stm32.9-2020-q2-update.linux64_1.5.0.202011040924/tools/bin/../lib/gcc/arm-none-eabi/9.3.1/../../../../arm-none-eabi/lib/thumb/v7e-m+fp/hard/libc_nano.a(lib_a-reent.o)
 .ARM.attributes
                0x00000000000006bc       0x34 /opt/stm32cubeide/plugins/com.st.stm32cube.ide.mcu.externaltools.gnu-tools-for-stm32.9-2020-q2-update.linux64_1.5.0.202011040924/tools/bin/../lib/gcc/arm-none-eabi/9.3.1/../../../../arm-none-eabi/lib/thumb/v7e-m+fp/hard/libc_nano.a(lib_a-lock.o)
 .ARM.attributes
                0x00000000000006f0       0x1e /opt/stm32cubeide/plugins/com.st.stm32cube.ide.mcu.externaltools.gnu-tools-for-stm32.9-2020-q2-update.linux64_1.5.0.202011040924/tools/bin/../lib/gcc/arm-none-eabi/9.3.1/thumb/v7e-m+fp/hard/libgcc.a(_aeabi_uldivmod.o)
 .ARM.attributes
                0x000000000000070e       0x34 /opt/stm32cubeide/plugins/com.st.stm32cube.ide.mcu.externaltools.gnu-tools-for-stm32.9-2020-q2-update.linux64_1.5.0.202011040924/tools/bin/../lib/gcc/arm-none-eabi/9.3.1/thumb/v7e-m+fp/hard/libgcc.a(_udivmoddi4.o)
 .ARM.attributes
                0x0000000000000742       0x1e /opt/stm32cubeide/plugins/com.st.stm32cube.ide.mcu.externaltools.gnu-tools-for-stm32.9-2020-q2-update.linux64_1.5.0.202011040924/tools/bin/../lib/gcc/arm-none-eabi/9.3.1/thumb/v7e-m+fp/hard/libgcc.a(_dvmd_tls.o)
 .ARM.attributes
                0x0000000000000760       0x1e /opt/stm32cubeide/plugins/com.st.stm32cube.ide.mcu.externaltools.gnu-tools-for-stm32.9-2020-q2-update.linux64_1.5.0.202011040924/tools/bin/../lib/gcc/arm-none-eabi/9.3.1/thumb/v7e-m+fp/hard/crtn.o
OUTPUT(CamTest.elf elf32-littlearm)
LOAD linker stubs
LOAD /opt/stm32cubeide/plugins/com.st.stm32cube.ide.mcu.externaltools.gnu-tools-for-stm32.9-2020-q2-update.linux64_1.5.0.202011040924/tools/bin/../lib/gcc/arm-none-eabi/9.3.1/../../../../arm-none-eabi/lib/thumb/v7e-m+fp/hard/libc.a
LOAD /opt/stm32cubeide/plugins/com.st.stm32cube.ide.mcu.externaltools.gnu-tools-for-stm32.9-2020-q2-update.linux64_1.5.0.202011040924/tools/bin/../lib/gcc/arm-none-eabi/9.3.1/../../../../arm-none-eabi/lib/thumb/v7e-m+fp/hard/libm.a
LOAD /opt/stm32cubeide/plugins/com.st.stm32cube.ide.mcu.externaltools.gnu-tools-for-stm32.9-2020-q2-update.linux64_1.5.0.202011040924/tools/bin/../lib/gcc/arm-none-eabi/9.3.1/thumb/v7e-m+fp/hard/libgcc.a

.debug_info     0x0000000000000000     0xf04e
 .debug_info    0x0000000000000000     0x1995 Core/Src/main.o
 .debug_info    0x0000000000001995     0x1235 Core/Src/stm32f4xx_hal_msp.o
 .debug_info    0x0000000000002bca      0x4af Core/Src/stm32f4xx_it.o
 .debug_info    0x0000000000003079      0xa25 Core/Src/sysmem.o
 .debug_info    0x0000000000003a9e      0x5d0 Core/Src/system_stm32f4xx.o
 .debug_info    0x000000000000406e       0x22 Core/Startup/startup_stm32f401retx.o
 .debug_info    0x0000000000004090      0x93d Drivers/STM32F4xx_HAL_Driver/Src/stm32f4xx_hal.o
 .debug_info    0x00000000000049cd      0xe41 Drivers/STM32F4xx_HAL_Driver/Src/stm32f4xx_hal_cortex.o
 .debug_info    0x000000000000580e      0x9e9 Drivers/STM32F4xx_HAL_Driver/Src/stm32f4xx_hal_dma.o
 .debug_info    0x00000000000061f7      0x862 Drivers/STM32F4xx_HAL_Driver/Src/stm32f4xx_hal_gpio.o
 .debug_info    0x0000000000006a59     0x2639 Drivers/STM32F4xx_HAL_Driver/Src/stm32f4xx_hal_i2c.o
 .debug_info    0x0000000000009092      0x9bd Drivers/STM32F4xx_HAL_Driver/Src/stm32f4xx_hal_rcc.o
 .debug_info    0x0000000000009a4f     0x2a88 Drivers/STM32F4xx_HAL_Driver/Src/stm32f4xx_hal_tim.o
 .debug_info    0x000000000000c4d7     0x151a Drivers/STM32F4xx_HAL_Driver/Src/stm32f4xx_hal_tim_ex.o
 .debug_info    0x000000000000d9f1     0x165d Drivers/STM32F4xx_HAL_Driver/Src/stm32f4xx_hal_uart.o

.debug_abbrev   0x0000000000000000     0x1fbb
 .debug_abbrev  0x0000000000000000      0x34e Core/Src/main.o
 .debug_abbrev  0x000000000000034e      0x235 Core/Src/stm32f4xx_hal_msp.o
 .debug_abbrev  0x0000000000000583      0x134 Core/Src/stm32f4xx_it.o
 .debug_abbrev  0x00000000000006b7      0x1bf Core/Src/sysmem.o
 .debug_abbrev  0x0000000000000876      0x145 Core/Src/system_stm32f4xx.o
 .debug_abbrev  0x00000000000009bb       0x12 Core/Startup/startup_stm32f401retx.o
 .debug_abbrev  0x00000000000009cd      0x21e Drivers/STM32F4xx_HAL_Driver/Src/stm32f4xx_hal.o
 .debug_abbrev  0x0000000000000beb      0x33c Drivers/STM32F4xx_HAL_Driver/Src/stm32f4xx_hal_cortex.o
 .debug_abbrev  0x0000000000000f27      0x219 Drivers/STM32F4xx_HAL_Driver/Src/stm32f4xx_hal_dma.o
 .debug_abbrev  0x0000000000001140      0x1f1 Drivers/STM32F4xx_HAL_Driver/Src/stm32f4xx_hal_gpio.o
 .debug_abbrev  0x0000000000001331      0x293 Drivers/STM32F4xx_HAL_Driver/Src/stm32f4xx_hal_i2c.o
 .debug_abbrev  0x00000000000015c4      0x275 Drivers/STM32F4xx_HAL_Driver/Src/stm32f4xx_hal_rcc.o
 .debug_abbrev  0x0000000000001839      0x26f Drivers/STM32F4xx_HAL_Driver/Src/stm32f4xx_hal_tim.o
 .debug_abbrev  0x0000000000001aa8      0x277 Drivers/STM32F4xx_HAL_Driver/Src/stm32f4xx_hal_tim_ex.o
 .debug_abbrev  0x0000000000001d1f      0x29c Drivers/STM32F4xx_HAL_Driver/Src/stm32f4xx_hal_uart.o

.debug_aranges  0x0000000000000000      0xf20
 .debug_aranges
                0x0000000000000000       0x90 Core/Src/main.o
 .debug_aranges
                0x0000000000000090       0x68 Core/Src/stm32f4xx_hal_msp.o
 .debug_aranges
                0x00000000000000f8       0x68 Core/Src/stm32f4xx_it.o
 .debug_aranges
                0x0000000000000160       0x20 Core/Src/sysmem.o
 .debug_aranges
                0x0000000000000180       0x28 Core/Src/system_stm32f4xx.o
 .debug_aranges
                0x00000000000001a8       0x28 Core/Startup/startup_stm32f401retx.o
 .debug_aranges
                0x00000000000001d0       0xf0 Drivers/STM32F4xx_HAL_Driver/Src/stm32f4xx_hal.o
 .debug_aranges
                0x00000000000002c0      0x118 Drivers/STM32F4xx_HAL_Driver/Src/stm32f4xx_hal_cortex.o
 .debug_aranges
                0x00000000000003d8       0x90 Drivers/STM32F4xx_HAL_Driver/Src/stm32f4xx_hal_dma.o
 .debug_aranges
                0x0000000000000468       0x58 Drivers/STM32F4xx_HAL_Driver/Src/stm32f4xx_hal_gpio.o
 .debug_aranges
                0x00000000000004c0      0x2a0 Drivers/STM32F4xx_HAL_Driver/Src/stm32f4xx_hal_i2c.o
 .debug_aranges
                0x0000000000000760       0x88 Drivers/STM32F4xx_HAL_Driver/Src/stm32f4xx_hal_rcc.o
 .debug_aranges
                0x00000000000007e8      0x3d0 Drivers/STM32F4xx_HAL_Driver/Src/stm32f4xx_hal_tim.o
 .debug_aranges
                0x0000000000000bb8      0x168 Drivers/STM32F4xx_HAL_Driver/Src/stm32f4xx_hal_tim_ex.o
 .debug_aranges
                0x0000000000000d20      0x200 Drivers/STM32F4xx_HAL_Driver/Src/stm32f4xx_hal_uart.o

.debug_ranges   0x0000000000000000      0xe90
 .debug_ranges  0x0000000000000000       0x80 Core/Src/main.o
 .debug_ranges  0x0000000000000080       0x58 Core/Src/stm32f4xx_hal_msp.o
 .debug_ranges  0x00000000000000d8       0x58 Core/Src/stm32f4xx_it.o
 .debug_ranges  0x0000000000000130       0x10 Core/Src/sysmem.o
 .debug_ranges  0x0000000000000140       0x18 Core/Src/system_stm32f4xx.o
 .debug_ranges  0x0000000000000158       0x20 Core/Startup/startup_stm32f401retx.o
 .debug_ranges  0x0000000000000178       0xe0 Drivers/STM32F4xx_HAL_Driver/Src/stm32f4xx_hal.o
 .debug_ranges  0x0000000000000258      0x108 Drivers/STM32F4xx_HAL_Driver/Src/stm32f4xx_hal_cortex.o
 .debug_ranges  0x0000000000000360       0x80 Drivers/STM32F4xx_HAL_Driver/Src/stm32f4xx_hal_dma.o
 .debug_ranges  0x00000000000003e0       0x48 Drivers/STM32F4xx_HAL_Driver/Src/stm32f4xx_hal_gpio.o
 .debug_ranges  0x0000000000000428      0x2b8 Drivers/STM32F4xx_HAL_Driver/Src/stm32f4xx_hal_i2c.o
 .debug_ranges  0x00000000000006e0       0x78 Drivers/STM32F4xx_HAL_Driver/Src/stm32f4xx_hal_rcc.o
 .debug_ranges  0x0000000000000758      0x3c0 Drivers/STM32F4xx_HAL_Driver/Src/stm32f4xx_hal_tim.o
 .debug_ranges  0x0000000000000b18      0x158 Drivers/STM32F4xx_HAL_Driver/Src/stm32f4xx_hal_tim_ex.o
 .debug_ranges  0x0000000000000c70      0x220 Drivers/STM32F4xx_HAL_Driver/Src/stm32f4xx_hal_uart.o

.debug_macro    0x0000000000000000    0x15f01
 .debug_macro   0x0000000000000000      0x1fd Core/Src/main.o
 .debug_macro   0x00000000000001fd      0xaa8 Core/Src/main.o
 .debug_macro   0x0000000000000ca5      0x2a1 Core/Src/main.o
 .debug_macro   0x0000000000000f46       0x2e Core/Src/main.o
 .debug_macro   0x0000000000000f74       0x28 Core/Src/main.o
 .debug_macro   0x0000000000000f9c       0x22 Core/Src/main.o
 .debug_macro   0x0000000000000fbe       0x8e Core/Src/main.o
 .debug_macro   0x000000000000104c       0x51 Core/Src/main.o
 .debug_macro   0x000000000000109d      0x103 Core/Src/main.o
 .debug_macro   0x00000000000011a0       0x6a Core/Src/main.o
 .debug_macro   0x000000000000120a      0x1df Core/Src/main.o
 .debug_macro   0x00000000000013e9       0x1c Core/Src/main.o
 .debug_macro   0x0000000000001405       0x22 Core/Src/main.o
 .debug_macro   0x0000000000001427       0xdf Core/Src/main.o
 .debug_macro   0x0000000000001506     0x102d Core/Src/main.o
 .debug_macro   0x0000000000002533      0x11f Core/Src/main.o
 .debug_macro   0x0000000000002652     0xb850 Core/Src/main.o
 .debug_macro   0x000000000000dea2       0x43 Core/Src/main.o
 .debug_macro   0x000000000000dee5     0x3659 Core/Src/main.o
 .debug_macro   0x000000000001153e      0x174 Core/Src/main.o
 .debug_macro   0x00000000000116b2       0x5c Core/Src/main.o
 .debug_macro   0x000000000001170e      0x416 Core/Src/main.o
 .debug_macro   0x0000000000011b24      0x9fe Core/Src/main.o
 .debug_macro   0x0000000000012522      0x117 Core/Src/main.o
 .debug_macro   0x0000000000012639       0xf8 Core/Src/main.o
 .debug_macro   0x0000000000012731       0x82 Core/Src/main.o
 .debug_macro   0x00000000000127b3      0x15f Core/Src/main.o
 .debug_macro   0x0000000000012912      0x287 Core/Src/main.o
 .debug_macro   0x0000000000012b99       0x5f Core/Src/main.o
 .debug_macro   0x0000000000012bf8      0x236 Core/Src/main.o
 .debug_macro   0x0000000000012e2e      0x132 Core/Src/main.o
 .debug_macro   0x0000000000012f60      0x264 Core/Src/main.o
 .debug_macro   0x00000000000131c4       0x2e Core/Src/main.o
 .debug_macro   0x00000000000131f2      0x1b5 Core/Src/main.o
 .debug_macro   0x00000000000133a7       0x22 Core/Src/main.o
 .debug_macro   0x00000000000133c9       0xd6 Core/Src/main.o
 .debug_macro   0x000000000001349f      0x11a Core/Src/main.o
 .debug_macro   0x00000000000135b9       0x85 Core/Src/main.o
 .debug_macro   0x000000000001363e       0x89 Core/Src/main.o
 .debug_macro   0x00000000000136c7      0x8d1 Core/Src/main.o
 .debug_macro   0x0000000000013f98       0x47 Core/Src/main.o
 .debug_macro   0x0000000000013fdf      0x295 Core/Src/main.o
 .debug_macro   0x0000000000014274      0x126 Core/Src/main.o
 .debug_macro   0x000000000001439a       0x58 Core/Src/main.o
 .debug_macro   0x00000000000143f2      0x1f6 Core/Src/stm32f4xx_hal_msp.o
 .debug_macro   0x00000000000145e8      0x200 Core/Src/stm32f4xx_it.o
 .debug_macro   0x00000000000147e8       0xff Core/Src/sysmem.o
 .debug_macro   0x00000000000148e7      0x23b Core/Src/sysmem.o
 .debug_macro   0x0000000000014b22      0x1e7 Core/Src/system_stm32f4xx.o
 .debug_macro   0x0000000000014d09      0x247 Drivers/STM32F4xx_HAL_Driver/Src/stm32f4xx_hal.o
 .debug_macro   0x0000000000014f50      0x1e7 Drivers/STM32F4xx_HAL_Driver/Src/stm32f4xx_hal_cortex.o
 .debug_macro   0x0000000000015137      0x1ed Drivers/STM32F4xx_HAL_Driver/Src/stm32f4xx_hal_dma.o
 .debug_macro   0x0000000000015324      0x1ed Drivers/STM32F4xx_HAL_Driver/Src/stm32f4xx_hal_gpio.o
 .debug_macro   0x0000000000015511      0x22e Drivers/STM32F4xx_HAL_Driver/Src/stm32f4xx_hal_i2c.o
 .debug_macro   0x000000000001573f      0x20b Drivers/STM32F4xx_HAL_Driver/Src/stm32f4xx_hal_rcc.o
 .debug_macro   0x000000000001594a      0x1e8 Drivers/STM32F4xx_HAL_Driver/Src/stm32f4xx_hal_tim.o
 .debug_macro   0x0000000000015b32      0x1e7 Drivers/STM32F4xx_HAL_Driver/Src/stm32f4xx_hal_tim_ex.o
 .debug_macro   0x0000000000015d19      0x1e8 Drivers/STM32F4xx_HAL_Driver/Src/stm32f4xx_hal_uart.o

.debug_line     0x0000000000000000    0x1046e
 .debug_line    0x0000000000000000      0xb83 Core/Src/main.o
 .debug_line    0x0000000000000b83      0x830 Core/Src/stm32f4xx_hal_msp.o
 .debug_line    0x00000000000013b3      0x78a Core/Src/stm32f4xx_it.o
 .debug_line    0x0000000000001b3d      0x49e Core/Src/sysmem.o
 .debug_line    0x0000000000001fdb      0x731 Core/Src/system_stm32f4xx.o
 .debug_line    0x000000000000270c       0x88 Core/Startup/startup_stm32f401retx.o
 .debug_line    0x0000000000002794      0x997 Drivers/STM32F4xx_HAL_Driver/Src/stm32f4xx_hal.o
 .debug_line    0x000000000000312b      0xc46 Drivers/STM32F4xx_HAL_Driver/Src/stm32f4xx_hal_cortex.o
 .debug_line    0x0000000000003d71      0xf00 Drivers/STM32F4xx_HAL_Driver/Src/stm32f4xx_hal_dma.o
 .debug_line    0x0000000000004c71      0xad3 Drivers/STM32F4xx_HAL_Driver/Src/stm32f4xx_hal_gpio.o
 .debug_line    0x0000000000005744     0x391e Drivers/STM32F4xx_HAL_Driver/Src/stm32f4xx_hal_i2c.o
 .debug_line    0x0000000000009062      0xd13 Drivers/STM32F4xx_HAL_Driver/Src/stm32f4xx_hal_rcc.o
 .debug_line    0x0000000000009d75     0x339d Drivers/STM32F4xx_HAL_Driver/Src/stm32f4xx_hal_tim.o
 .debug_line    0x000000000000d112     0x18ff Drivers/STM32F4xx_HAL_Driver/Src/stm32f4xx_hal_tim_ex.o
 .debug_line    0x000000000000ea11     0x1a5d Drivers/STM32F4xx_HAL_Driver/Src/stm32f4xx_hal_uart.o

.debug_str      0x0000000000000000    0x8d912
 .debug_str     0x0000000000000000    0x8820e Core/Src/main.o
                                      0x885bd (size before relaxing)
 .debug_str     0x000000000008820e       0xf9 Core/Src/stm32f4xx_hal_msp.o
                                      0x87e8e (size before relaxing)
 .debug_str     0x0000000000088307       0xd5 Core/Src/stm32f4xx_it.o
                                      0x87593 (size before relaxing)
 .debug_str     0x00000000000883dc     0x221e Core/Src/sysmem.o
                                       0x629c (size before relaxing)
 .debug_str     0x000000000008a5fa       0xaf Core/Src/system_stm32f4xx.o
                                      0x872f1 (size before relaxing)
 .debug_str     0x000000000008a6a9       0x36 Core/Startup/startup_stm32f401retx.o
                                         0x6d (size before relaxing)
 .debug_str     0x000000000008a6df      0x58d Drivers/STM32F4xx_HAL_Driver/Src/stm32f4xx_hal.o
                                      0x87c71 (size before relaxing)
 .debug_str     0x000000000008ac6c      0x399 Drivers/STM32F4xx_HAL_Driver/Src/stm32f4xx_hal_cortex.o
                                      0x87a4e (size before relaxing)
 .debug_str     0x000000000008b005      0x268 Drivers/STM32F4xx_HAL_Driver/Src/stm32f4xx_hal_dma.o
                                      0x87709 (size before relaxing)
 .debug_str     0x000000000008b26d      0x13f Drivers/STM32F4xx_HAL_Driver/Src/stm32f4xx_hal_gpio.o
                                      0x87498 (size before relaxing)
 .debug_str     0x000000000008b3ac      0xabe Drivers/STM32F4xx_HAL_Driver/Src/stm32f4xx_hal_i2c.o
                                      0x88266 (size before relaxing)
 .debug_str     0x000000000008be6a      0x24e Drivers/STM32F4xx_HAL_Driver/Src/stm32f4xx_hal_rcc.o
                                      0x876f3 (size before relaxing)
 .debug_str     0x000000000008c0b8      0xd8e Drivers/STM32F4xx_HAL_Driver/Src/stm32f4xx_hal_tim.o
                                      0x88607 (size before relaxing)
 .debug_str     0x000000000008ce46      0x4ee Drivers/STM32F4xx_HAL_Driver/Src/stm32f4xx_hal_tim_ex.o
                                      0x87db8 (size before relaxing)
 .debug_str     0x000000000008d334      0x5de Drivers/STM32F4xx_HAL_Driver/Src/stm32f4xx_hal_uart.o
                                      0x87c43 (size before relaxing)

.comment        0x0000000000000000       0x53
 .comment       0x0000000000000000       0x53 Core/Src/main.o
                                         0x54 (size before relaxing)
 .comment       0x0000000000000053       0x54 Core/Src/stm32f4xx_hal_msp.o
 .comment       0x0000000000000053       0x54 Core/Src/stm32f4xx_it.o
 .comment       0x0000000000000053       0x54 Core/Src/sysmem.o
 .comment       0x0000000000000053       0x54 Core/Src/system_stm32f4xx.o
 .comment       0x0000000000000053       0x54 Drivers/STM32F4xx_HAL_Driver/Src/stm32f4xx_hal.o
 .comment       0x0000000000000053       0x54 Drivers/STM32F4xx_HAL_Driver/Src/stm32f4xx_hal_cortex.o
 .comment       0x0000000000000053       0x54 Drivers/STM32F4xx_HAL_Driver/Src/stm32f4xx_hal_dma.o
 .comment       0x0000000000000053       0x54 Drivers/STM32F4xx_HAL_Driver/Src/stm32f4xx_hal_gpio.o
 .comment       0x0000000000000053       0x54 Drivers/STM32F4xx_HAL_Driver/Src/stm32f4xx_hal_i2c.o
 .comment       0x0000000000000053       0x54 Drivers/STM32F4xx_HAL_Driver/Src/stm32f4xx_hal_rcc.o
 .comment       0x0000000000000053       0x54 Drivers/STM32F4xx_HAL_Driver/Src/stm32f4xx_hal_tim.o
 .comment       0x0000000000000053       0x54 Drivers/STM32F4xx_HAL_Driver/Src/stm32f4xx_hal_tim_ex.o
 .comment       0x0000000000000053       0x54 Drivers/STM32F4xx_HAL_Driver/Src/stm32f4xx_hal_uart.o

.debug_frame    0x0000000000000000     0x44f0
 .debug_frame   0x0000000000000000      0x214 Core/Src/main.o
 .debug_frame   0x0000000000000214      0x180 Core/Src/stm32f4xx_hal_msp.o
 .debug_frame   0x0000000000000394      0x120 Core/Src/stm32f4xx_it.o
 .debug_frame   0x00000000000004b4       0x34 Core/Src/sysmem.o
 .debug_frame   0x00000000000004e8       0x58 Core/Src/system_stm32f4xx.o
 .debug_frame   0x0000000000000540      0x374 Drivers/STM32F4xx_HAL_Driver/Src/stm32f4xx_hal.o
 .debug_frame   0x00000000000008b4      0x498 Drivers/STM32F4xx_HAL_Driver/Src/stm32f4xx_hal_cortex.o
 .debug_frame   0x0000000000000d4c      0x250 Drivers/STM32F4xx_HAL_Driver/Src/stm32f4xx_hal_dma.o
 .debug_frame   0x0000000000000f9c      0x14c Drivers/STM32F4xx_HAL_Driver/Src/stm32f4xx_hal_gpio.o
 .debug_frame   0x00000000000010e8      0xc5c Drivers/STM32F4xx_HAL_Driver/Src/stm32f4xx_hal_i2c.o
 .debug_frame   0x0000000000001d44      0x1f0 Drivers/STM32F4xx_HAL_Driver/Src/stm32f4xx_hal_rcc.o
 .debug_frame   0x0000000000001f34     0x11bc Drivers/STM32F4xx_HAL_Driver/Src/stm32f4xx_hal_tim.o
 .debug_frame   0x00000000000030f0      0x638 Drivers/STM32F4xx_HAL_Driver/Src/stm32f4xx_hal_tim_ex.o
 .debug_frame   0x0000000000003728      0x924 Drivers/STM32F4xx_HAL_Driver/Src/stm32f4xx_hal_uart.o
 .debug_frame   0x000000000000404c       0x20 /opt/stm32cubeide/plugins/com.st.stm32cube.ide.mcu.externaltools.gnu-tools-for-stm32.9-2020-q2-update.linux64_1.5.0.202011040924/tools/bin/../lib/gcc/arm-none-eabi/9.3.1/../../../../arm-none-eabi/lib/thumb/v7e-m+fp/hard/libc_nano.a(lib_a-errno.o)
 .debug_frame   0x000000000000406c       0x2c /opt/stm32cubeide/plugins/com.st.stm32cube.ide.mcu.externaltools.gnu-tools-for-stm32.9-2020-q2-update.linux64_1.5.0.202011040924/tools/bin/../lib/gcc/arm-none-eabi/9.3.1/../../../../arm-none-eabi/lib/thumb/v7e-m+fp/hard/libc_nano.a(lib_a-init.o)
 .debug_frame   0x0000000000004098       0x20 /opt/stm32cubeide/plugins/com.st.stm32cube.ide.mcu.externaltools.gnu-tools-for-stm32.9-2020-q2-update.linux64_1.5.0.202011040924/tools/bin/../lib/gcc/arm-none-eabi/9.3.1/../../../../arm-none-eabi/lib/thumb/v7e-m+fp/hard/libc_nano.a(lib_a-memset.o)
 .debug_frame   0x00000000000040b8       0x6c /opt/stm32cubeide/plugins/com.st.stm32cube.ide.mcu.externaltools.gnu-tools-for-stm32.9-2020-q2-update.linux64_1.5.0.202011040924/tools/bin/../lib/gcc/arm-none-eabi/9.3.1/../../../../arm-none-eabi/lib/thumb/v7e-m+fp/hard/libc_nano.a(lib_a-sprintf.o)
 .debug_frame   0x0000000000004124       0x90 /opt/stm32cubeide/plugins/com.st.stm32cube.ide.mcu.externaltools.gnu-tools-for-stm32.9-2020-q2-update.linux64_1.5.0.202011040924/tools/bin/../lib/gcc/arm-none-eabi/9.3.1/../../../../arm-none-eabi/lib/thumb/v7e-m+fp/hard/libc_nano.a(lib_a-nano-svfprintf.o)
 .debug_frame   0x00000000000041b4       0x60 /opt/stm32cubeide/plugins/com.st.stm32cube.ide.mcu.externaltools.gnu-tools-for-stm32.9-2020-q2-update.linux64_1.5.0.202011040924/tools/bin/../lib/gcc/arm-none-eabi/9.3.1/../../../../arm-none-eabi/lib/thumb/v7e-m+fp/hard/libc_nano.a(lib_a-nano-vfprintf_i.o)
 .debug_frame   0x0000000000004214       0x28 /opt/stm32cubeide/plugins/com.st.stm32cube.ide.mcu.externaltools.gnu-tools-for-stm32.9-2020-q2-update.linux64_1.5.0.202011040924/tools/bin/../lib/gcc/arm-none-eabi/9.3.1/../../../../arm-none-eabi/lib/thumb/v7e-m+fp/hard/libc_nano.a(lib_a-memcpy-stub.o)
 .debug_frame   0x000000000000423c       0x28 /opt/stm32cubeide/plugins/com.st.stm32cube.ide.mcu.externaltools.gnu-tools-for-stm32.9-2020-q2-update.linux64_1.5.0.202011040924/tools/bin/../lib/gcc/arm-none-eabi/9.3.1/../../../../arm-none-eabi/lib/thumb/v7e-m+fp/hard/libc_nano.a(lib_a-memmove.o)
 .debug_frame   0x0000000000004264       0x38 /opt/stm32cubeide/plugins/com.st.stm32cube.ide.mcu.externaltools.gnu-tools-for-stm32.9-2020-q2-update.linux64_1.5.0.202011040924/tools/bin/../lib/gcc/arm-none-eabi/9.3.1/../../../../arm-none-eabi/lib/thumb/v7e-m+fp/hard/libc_nano.a(lib_a-nano-freer.o)
 .debug_frame   0x000000000000429c       0x30 /opt/stm32cubeide/plugins/com.st.stm32cube.ide.mcu.externaltools.gnu-tools-for-stm32.9-2020-q2-update.linux64_1.5.0.202011040924/tools/bin/../lib/gcc/arm-none-eabi/9.3.1/../../../../arm-none-eabi/lib/thumb/v7e-m+fp/hard/libc_nano.a(lib_a-nano-mallocr.o)
 .debug_frame   0x00000000000042cc       0x3c /opt/stm32cubeide/plugins/com.st.stm32cube.ide.mcu.externaltools.gnu-tools-for-stm32.9-2020-q2-update.linux64_1.5.0.202011040924/tools/bin/../lib/gcc/arm-none-eabi/9.3.1/../../../../arm-none-eabi/lib/thumb/v7e-m+fp/hard/libc_nano.a(lib_a-nano-reallocr.o)
 .debug_frame   0x0000000000004308       0x2c /opt/stm32cubeide/plugins/com.st.stm32cube.ide.mcu.externaltools.gnu-tools-for-stm32.9-2020-q2-update.linux64_1.5.0.202011040924/tools/bin/../lib/gcc/arm-none-eabi/9.3.1/../../../../arm-none-eabi/lib/thumb/v7e-m+fp/hard/libc_nano.a(lib_a-sbrkr.o)
 .debug_frame   0x0000000000004334       0x30 /opt/stm32cubeide/plugins/com.st.stm32cube.ide.mcu.externaltools.gnu-tools-for-stm32.9-2020-q2-update.linux64_1.5.0.202011040924/tools/bin/../lib/gcc/arm-none-eabi/9.3.1/../../../../arm-none-eabi/lib/thumb/v7e-m+fp/hard/libc_nano.a(lib_a-mlock.o)
 .debug_frame   0x0000000000004364       0x20 /opt/stm32cubeide/plugins/com.st.stm32cube.ide.mcu.externaltools.gnu-tools-for-stm32.9-2020-q2-update.linux64_1.5.0.202011040924/tools/bin/../lib/gcc/arm-none-eabi/9.3.1/../../../../arm-none-eabi/lib/thumb/v7e-m+fp/hard/libc_nano.a(lib_a-nano-msizer.o)
 .debug_frame   0x0000000000004384       0x5c /opt/stm32cubeide/plugins/com.st.stm32cube.ide.mcu.externaltools.gnu-tools-for-stm32.9-2020-q2-update.linux64_1.5.0.202011040924/tools/bin/../lib/gcc/arm-none-eabi/9.3.1/../../../../arm-none-eabi/lib/thumb/v7e-m+fp/hard/libc_nano.a(lib_a-reent.o)
 .debug_frame   0x00000000000043e0       0xb0 /opt/stm32cubeide/plugins/com.st.stm32cube.ide.mcu.externaltools.gnu-tools-for-stm32.9-2020-q2-update.linux64_1.5.0.202011040924/tools/bin/../lib/gcc/arm-none-eabi/9.3.1/../../../../arm-none-eabi/lib/thumb/v7e-m+fp/hard/libc_nano.a(lib_a-lock.o)
 .debug_frame   0x0000000000004490       0x2c /opt/stm32cubeide/plugins/com.st.stm32cube.ide.mcu.externaltools.gnu-tools-for-stm32.9-2020-q2-update.linux64_1.5.0.202011040924/tools/bin/../lib/gcc/arm-none-eabi/9.3.1/thumb/v7e-m+fp/hard/libgcc.a(_aeabi_uldivmod.o)
 .debug_frame   0x00000000000044bc       0x34 /opt/stm32cubeide/plugins/com.st.stm32cube.ide.mcu.externaltools.gnu-tools-for-stm32.9-2020-q2-update.linux64_1.5.0.202011040924/tools/bin/../lib/gcc/arm-none-eabi/9.3.1/thumb/v7e-m+fp/hard/libgcc.a(_udivmoddi4.o)
